Archive member included to satisfy reference by file (symbol)

../zig-out/lib/libzig-pico.a(C:/data/zig_project/pico_sdk4/zig-cache/o/a227e0217875a1d1ec28dc53610486b7/libzig-pico.a.o)
                              CMakeFiles/hello_world.dir/src/hello.c.obj (zig_main)
c:/progra~1/raspbe~1/picosd~1.1/gcc-ar~1/bin/../lib/gcc/arm-none-eabi/10.3.1/thumb/v6-m/nofp\libgcc.a(_dvmd_tls.o)
                              CMakeFiles/hello_world.dir/C_/Program_Files/Raspberry_Pi/Pico_SDK_v1.5.1/pico-sdk/src/rp2_common/pico_divider/divider.S.obj (__aeabi_idiv0)
c:/progra~1/raspbe~1/picosd~1.1/gcc-ar~1/bin/../lib/gcc/arm-none-eabi/10.3.1/../../../../arm-none-eabi/lib/thumb/v6-m/nofp\libg.a(lib_a-calloc.o)
                              CMakeFiles/hello_world.dir/C_/Program_Files/Raspberry_Pi/Pico_SDK_v1.5.1/pico-sdk/src/rp2_common/pico_malloc/pico_malloc.c.obj (calloc)
c:/progra~1/raspbe~1/picosd~1.1/gcc-ar~1/bin/../lib/gcc/arm-none-eabi/10.3.1/../../../../arm-none-eabi/lib/thumb/v6-m/nofp\libg.a(lib_a-callocr.o)
                              c:/progra~1/raspbe~1/picosd~1.1/gcc-ar~1/bin/../lib/gcc/arm-none-eabi/10.3.1/../../../../arm-none-eabi/lib/thumb/v6-m/nofp\libg.a(lib_a-calloc.o) (_calloc_r)
c:/progra~1/raspbe~1/picosd~1.1/gcc-ar~1/bin/../lib/gcc/arm-none-eabi/10.3.1/../../../../arm-none-eabi/lib/thumb/v6-m/nofp\libg.a(lib_a-errno.o)
                              c:/progra~1/raspbe~1/picosd~1.1/gcc-ar~1/bin/../lib/gcc/arm-none-eabi/10.3.1/../../../../arm-none-eabi/lib/thumb/v6-m/nofp\libg.a(lib_a-callocr.o) (__errno)
c:/progra~1/raspbe~1/picosd~1.1/gcc-ar~1/bin/../lib/gcc/arm-none-eabi/10.3.1/../../../../arm-none-eabi/lib/thumb/v6-m/nofp\libg.a(lib_a-impure.o)
                              c:/progra~1/raspbe~1/picosd~1.1/gcc-ar~1/bin/../lib/gcc/arm-none-eabi/10.3.1/../../../../arm-none-eabi/lib/thumb/v6-m/nofp\libg.a(lib_a-calloc.o) (_impure_ptr)
c:/progra~1/raspbe~1/picosd~1.1/gcc-ar~1/bin/../lib/gcc/arm-none-eabi/10.3.1/../../../../arm-none-eabi/lib/thumb/v6-m/nofp\libg.a(lib_a-init.o)
                              c:/progra~1/raspbe~1/picosd~1.1/gcc-ar~1/bin/../lib/gcc/arm-none-eabi/10.3.1/../../../../arm-none-eabi/lib/thumb/v6-m/nofp/crt0.o (__libc_init_array)
c:/progra~1/raspbe~1/picosd~1.1/gcc-ar~1/bin/../lib/gcc/arm-none-eabi/10.3.1/../../../../arm-none-eabi/lib/thumb/v6-m/nofp\libg.a(lib_a-malloc.o)
                              CMakeFiles/hello_world.dir/C_/Program_Files/Raspberry_Pi/Pico_SDK_v1.5.1/pico-sdk/src/rp2_common/pico_malloc/pico_malloc.c.obj (malloc)
c:/progra~1/raspbe~1/picosd~1.1/gcc-ar~1/bin/../lib/gcc/arm-none-eabi/10.3.1/../../../../arm-none-eabi/lib/thumb/v6-m/nofp\libg.a(lib_a-mallocr.o)
                              c:/progra~1/raspbe~1/picosd~1.1/gcc-ar~1/bin/../lib/gcc/arm-none-eabi/10.3.1/../../../../arm-none-eabi/lib/thumb/v6-m/nofp\libg.a(lib_a-callocr.o) (_malloc_r)
c:/progra~1/raspbe~1/picosd~1.1/gcc-ar~1/bin/../lib/gcc/arm-none-eabi/10.3.1/../../../../arm-none-eabi/lib/thumb/v6-m/nofp\libg.a(lib_a-mlock.o)
                              c:/progra~1/raspbe~1/picosd~1.1/gcc-ar~1/bin/../lib/gcc/arm-none-eabi/10.3.1/../../../../arm-none-eabi/lib/thumb/v6-m/nofp\libg.a(lib_a-mallocr.o) (__malloc_lock)
c:/progra~1/raspbe~1/picosd~1.1/gcc-ar~1/bin/../lib/gcc/arm-none-eabi/10.3.1/../../../../arm-none-eabi/lib/thumb/v6-m/nofp\libg.a(lib_a-realloc.o)
                              CMakeFiles/hello_world.dir/C_/Program_Files/Raspberry_Pi/Pico_SDK_v1.5.1/pico-sdk/src/rp2_common/pico_malloc/pico_malloc.c.obj (realloc)
c:/progra~1/raspbe~1/picosd~1.1/gcc-ar~1/bin/../lib/gcc/arm-none-eabi/10.3.1/../../../../arm-none-eabi/lib/thumb/v6-m/nofp\libg.a(lib_a-reallocr.o)
                              c:/progra~1/raspbe~1/picosd~1.1/gcc-ar~1/bin/../lib/gcc/arm-none-eabi/10.3.1/../../../../arm-none-eabi/lib/thumb/v6-m/nofp\libg.a(lib_a-realloc.o) (_realloc_r)
c:/progra~1/raspbe~1/picosd~1.1/gcc-ar~1/bin/../lib/gcc/arm-none-eabi/10.3.1/../../../../arm-none-eabi/lib/thumb/v6-m/nofp\libg.a(lib_a-sbrkr.o)
                              c:/progra~1/raspbe~1/picosd~1.1/gcc-ar~1/bin/../lib/gcc/arm-none-eabi/10.3.1/../../../../arm-none-eabi/lib/thumb/v6-m/nofp\libg.a(lib_a-mallocr.o) (_sbrk_r)
c:/progra~1/raspbe~1/picosd~1.1/gcc-ar~1/bin/../lib/gcc/arm-none-eabi/10.3.1/../../../../arm-none-eabi/lib/thumb/v6-m/nofp\libg.a(lib_a-stack_protector.o)
                              ../zig-out/lib/libzig-pico.a(C:/data/zig_project/pico_sdk4/zig-cache/o/a227e0217875a1d1ec28dc53610486b7/libzig-pico.a.o) (__stack_chk_fail)
c:/progra~1/raspbe~1/picosd~1.1/gcc-ar~1/bin/../lib/gcc/arm-none-eabi/10.3.1/../../../../arm-none-eabi/lib/thumb/v6-m/nofp\libg.a(lib_a-strlen-stub.o)
                              CMakeFiles/hello_world.dir/C_/Program_Files/Raspberry_Pi/Pico_SDK_v1.5.1/pico-sdk/src/rp2_common/pico_stdio/stdio.c.obj (strlen)
c:/progra~1/raspbe~1/picosd~1.1/gcc-ar~1/bin/../lib/gcc/arm-none-eabi/10.3.1/../../../../arm-none-eabi/lib/thumb/v6-m/nofp\libg.a(lib_a-syswrite.o)
[...]
Memory Configuration

Name             Origin             Length             Attributes
FLASH            0x10000000         0x00200000         xr
RAM              0x20000000         0x00040000         xrw
SCRATCH_X        0x20040000         0x00001000         xrw
SCRATCH_Y        0x20041000         0x00001000         xrw
*default*        0x00000000         0xffffffff

Linker script and memory map

LOAD c:/progra~1/raspbe~1/picosd~1.1/gcc-ar~1/bin/../lib/gcc/arm-none-eabi/10.3.1/thumb/v6-m/nofp/crti.o
LOAD c:/progra~1/raspbe~1/picosd~1.1/gcc-ar~1/bin/../lib/gcc/arm-none-eabi/10.3.1/thumb/v6-m/nofp/crtbegin.o
LOAD c:/progra~1/raspbe~1/picosd~1.1/gcc-ar~1/bin/../lib/gcc/arm-none-eabi/10.3.1/../../../../arm-none-eabi/lib/thumb/v6-m/nofp/crt0.o

.flash_begin    0x10000000        0x0
                0x10000000                __flash_binary_start = .

.boot2          0x10000000      0x100
                0x10000000                __boot2_start__ = .
 *(.boot2)
 .boot2         0x10000000      0x100 C:\Users\Acer\AppData\Local\Temp\ccCCZB1K.o
                0x10000100                __boot2_end__ = .
                0x00000001                ASSERT (((__boot2_end__ - __boot2_start__) == 0x100), ERROR: Pico second stage bootloader must be 256 bytes in size)

.text           0x10000100     0x9b60
                0x10000100                __logical_binary_start = .
 *(.vectors)
 .vectors       0x10000100       0xd4 CMakeFiles/hello_world.dir/C_/Program_Files/Raspberry_Pi/Pico_SDK_v1.5.1/pico-sdk/src/rp2_common/pico_standard_link/crt0.S.obj
                0x10000100                __VECTOR_TABLE
                0x10000100                __vectors
                0x100001c0                isr_invalid
                0x100001c0                __default_isrs_start
                0x100001c2                isr_nmi
                0x100001c4                isr_hardfault
                0x100001c6                isr_svcall
                0x100001c8                isr_pendsv
                0x100001ca                isr_systick
                0x100001cc                isr_irq23
                0x100001cc                isr_irq18
                0x100001cc                isr_irq11
                0x100001cc                isr_irq28
                0x100001cc                isr_irq19
                0x100001cc                isr_irq0
                0x100001cc                isr_irq6
                0x100001cc                isr_irq5
                0x100001cc                isr_irq12
                0x100001cc                isr_irq22
                0x100001cc                isr_irq31
                0x100001cc                isr_irq17
                0x100001cc                isr_irq27
                0x100001cc                isr_irq30
                0x100001cc                isr_irq2
                0x100001cc                isr_irq10
                0x100001cc                isr_irq8
                0x100001cc                isr_irq24
                0x100001cc                isr_irq1
                0x100001cc                isr_irq7
                0x100001cc                isr_irq21
                0x100001cc                isr_irq20
                0x100001cc                isr_irq15
                0x100001cc                isr_irq25
                0x100001cc                isr_irq13
                0x100001cc                __unhandled_user_irq
                0x100001cc                isr_irq4
                0x100001cc                isr_irq16
                0x100001cc                isr_irq29
                0x100001cc                isr_irq26
                0x100001cc                __default_isrs_end
                0x100001cc                isr_irq3
                0x100001cc                isr_irq14
                0x100001cc                isr_irq9
                0x100001d2                unhandled_user_irq_num_in_r0
 *(.binary_info_header)
 .binary_info_header
                0x100001d4       0x14 CMakeFiles/hello_world.dir/C_/Program_Files/Raspberry_Pi/Pico_SDK_v1.5.1/pico-sdk/src/rp2_common/pico_standard_link/crt0.S.obj
                0x100001e8                __binary_info_header_end = .
 *(.reset)
 .reset         0x100001e8       0xa0 CMakeFiles/hello_world.dir/C_/Program_Files/Raspberry_Pi/Pico_SDK_v1.5.1/pico-sdk/src/rp2_common/pico_standard_link/crt0.S.obj
                0x100001e8                _entry_point
 .reset         0x10000288       0x30 CMakeFiles/hello_world.dir/C_/Program_Files/Raspberry_Pi/Pico_SDK_v1.5.1/pico-sdk/src/rp2_common/pico_standard_link/binary_info.c.obj
 *(.init)
 .init          0x100002b8        0x4 c:/progra~1/raspbe~1/picosd~1.1/gcc-ar~1/bin/../lib/gcc/arm-none-eabi/10.3.1/thumb/v6-m/nofp/crti.o
                0x100002b8                _init
 *(EXCLUDE_FILE(*libm.a: *libc.a:*lib_a-mem*.o *libgcc.a:) .text*)
 .text          0x100002bc       0x48 c:/progra~1/raspbe~1/picosd~1.1/gcc-ar~1/bin/../lib/gcc/arm-none-eabi/10.3.1/thumb/v6-m/nofp/crtbegin.o
 .text.main     0x10000304        0xa CMakeFiles/hello_world.dir/src/hello.c.obj
                0x10000304                main
 *fill*         0x1000030e        0x2 
 .text.get_offset
                0x10000310       0x10 CMakeFiles/hello_world.dir/src/ws2812.c.obj
                0x10000310                get_offset
 .text.gpio_set_function
                0x10000320       0x30 CMakeFiles/hello_world.dir/C_/Program_Files/Raspberry_Pi/Pico_SDK_v1.5.1/pico-sdk/src/rp2_common/hardware_gpio/gpio.c.obj
                0x10000320                gpio_set_function
 .text.running_on_fpga
                0x10000350       0x14 CMakeFiles/hello_world.dir/C_/Program_Files/Raspberry_Pi/Pico_SDK_v1.5.1/pico-sdk/src/rp2_common/pico_platform/platform.c.obj
                0x10000350                running_on_fpga
 .text.hw_claim_lock
                0x10000364       0x18 CMakeFiles/hello_world.dir/C_/Program_Files/Raspberry_Pi/Pico_SDK_v1.5.1/pico-sdk/src/rp2_common/hardware_claim/claim.c.obj
                0x10000364                hw_claim_lock
 .text.hw_claim_unlock
                0x1000037c       0x14 CMakeFiles/hello_world.dir/C_/Program_Files/Raspberry_Pi/Pico_SDK_v1.5.1/pico-sdk/src/rp2_common/hardware_claim/claim.c.obj
                0x1000037c                hw_claim_unlock
 .text.hw_claim_or_assert
                0x10000390       0x32 CMakeFiles/hello_world.dir/C_/Program_Files/Raspberry_Pi/Pico_SDK_v1.5.1/pico-sdk/src/rp2_common/hardware_claim/claim.c.obj
                0x10000390                hw_claim_or_assert
 .text.hw_claim_unused_from_range
                0x100003c2       0x50 CMakeFiles/hello_world.dir/C_/Program_Files/Raspberry_Pi/Pico_SDK_v1.5.1/pico-sdk/src/rp2_common/hardware_claim/claim.c.obj
                0x100003c2                hw_claim_unused_from_range
 *fill*         0x10000412        0x2 
 .text.spin_locks_reset
                0x10000414       0x20 CMakeFiles/hello_world.dir/C_/Program_Files/Raspberry_Pi/Pico_SDK_v1.5.1/pico-sdk/src/rp2_common/hardware_sync/sync.c.obj
                0x10000414                spin_locks_reset
 .text.next_striped_spin_lock_num
                0x10000434       0x1c CMakeFiles/hello_world.dir/C_/Program_Files/Raspberry_Pi/Pico_SDK_v1.5.1/pico-sdk/src/rp2_common/hardware_sync/sync.c.obj
                0x10000434                next_striped_spin_lock_num
 .text.spin_lock_claim_unused
                0x10000450       0x20 CMakeFiles/hello_world.dir/C_/Program_Files/Raspberry_Pi/Pico_SDK_v1.5.1/pico-sdk/src/rp2_common/hardware_sync/sync.c.obj
                0x10000450                spin_lock_claim_unused
 .text.set_raw_irq_handler_and_unlock
                0x10000470       0x28 CMakeFiles/hello_world.dir/C_/Program_Files/Raspberry_Pi/Pico_SDK_v1.5.1/pico-sdk/src/rp2_common/hardware_irq/irq.c.obj
 .text.make_branch
                0x10000498       0x48 CMakeFiles/hello_world.dir/C_/Program_Files/Raspberry_Pi/Pico_SDK_v1.5.1/pico-sdk/src/rp2_common/hardware_irq/irq.c.obj
 .text.insert_branch_and_link
                0x100004e0       0x40 CMakeFiles/hello_world.dir/C_/Program_Files/Raspberry_Pi/Pico_SDK_v1.5.1/pico-sdk/src/rp2_common/hardware_irq/irq.c.obj
 .text.irq_is_enabled
                0x10000520       0x18 CMakeFiles/hello_world.dir/C_/Program_Files/Raspberry_Pi/Pico_SDK_v1.5.1/pico-sdk/src/rp2_common/hardware_irq/irq.c.obj
                0x10000520                irq_is_enabled
 .text.irq_set_mask_enabled
                0x10000538       0x20 CMakeFiles/hello_world.dir/C_/Program_Files/Raspberry_Pi/Pico_SDK_v1.5.1/pico-sdk/src/rp2_common/hardware_irq/irq.c.obj
                0x10000538                irq_set_mask_enabled
 .text.irq_set_enabled
                0x10000558        0xe CMakeFiles/hello_world.dir/C_/Program_Files/Raspberry_Pi/Pico_SDK_v1.5.1/pico-sdk/src/rp2_common/hardware_irq/irq.c.obj
                0x10000558                irq_set_enabled
 *fill*         0x10000566        0x2 
 .text.irq_set_pending
                0x10000568       0x10 CMakeFiles/hello_world.dir/C_/Program_Files/Raspberry_Pi/Pico_SDK_v1.5.1/pico-sdk/src/rp2_common/hardware_irq/irq.c.obj
                0x10000568                irq_set_pending
 .text.irq_get_vtable_handler
                0x10000578       0x10 CMakeFiles/hello_world.dir/C_/Program_Files/Raspberry_Pi/Pico_SDK_v1.5.1/pico-sdk/src/rp2_common/hardware_irq/irq.c.obj
                0x10000578                irq_get_vtable_handler
 .text.irq_has_shared_handler
                0x10000588       0x24 CMakeFiles/hello_world.dir/C_/Program_Files/Raspberry_Pi/Pico_SDK_v1.5.1/pico-sdk/src/rp2_common/hardware_irq/irq.c.obj
                0x10000588                irq_has_shared_handler
 .text.irq_set_exclusive_handler
                0x100005ac       0x54 CMakeFiles/hello_world.dir/C_/Program_Files/Raspberry_Pi/Pico_SDK_v1.5.1/pico-sdk/src/rp2_common/hardware_irq/irq.c.obj
                0x100005ac                irq_set_exclusive_handler
 .text.irq_add_shared_handler
                0x10000600      0x234 CMakeFiles/hello_world.dir/C_/Program_Files/Raspberry_Pi/Pico_SDK_v1.5.1/pico-sdk/src/rp2_common/hardware_irq/irq.c.obj
                0x10000600                irq_add_shared_handler
 .text.irq_remove_handler
                0x10000834      0x1ac CMakeFiles/hello_world.dir/C_/Program_Files/Raspberry_Pi/Pico_SDK_v1.5.1/pico-sdk/src/rp2_common/hardware_irq/irq.c.obj
                0x10000834                irq_remove_handler
 .text.irq_add_tail_to_free_list
                0x100009e0       0xf0 CMakeFiles/hello_world.dir/C_/Program_Files/Raspberry_Pi/Pico_SDK_v1.5.1/pico-sdk/src/rp2_common/hardware_irq/irq.c.obj
                0x100009e0                irq_add_tail_to_free_list
 .text.irq_init_priorities
                0x10000ad0       0x1c CMakeFiles/hello_world.dir/C_/Program_Files/Raspberry_Pi/Pico_SDK_v1.5.1/pico-sdk/src/rp2_common/hardware_irq/irq.c.obj
                0x10000ad0                irq_init_priorities
 .text.user_irq_claim_unused
                0x10000aec       0x28 CMakeFiles/hello_world.dir/C_/Program_Files/Raspberry_Pi/Pico_SDK_v1.5.1/pico-sdk/src/rp2_common/hardware_irq/irq.c.obj
                0x10000aec                user_irq_claim_unused
 .text.lock_init
                0x10000b14       0x10 CMakeFiles/hello_world.dir/C_/Program_Files/Raspberry_Pi/Pico_SDK_v1.5.1/pico-sdk/src/common/pico_sync/lock_core.c.obj
                0x10000b14                lock_init
 .text.mutex_init
                0x10000b24       0x1a CMakeFiles/hello_world.dir/C_/Program_Files/Raspberry_Pi/Pico_SDK_v1.5.1/pico-sdk/src/common/pico_sync/mutex.c.obj
                0x10000b24                mutex_init
 .text.recursive_mutex_init
                0x10000b3e       0x1e CMakeFiles/hello_world.dir/C_/Program_Files/Raspberry_Pi/Pico_SDK_v1.5.1/pico-sdk/src/common/pico_sync/mutex.c.obj
                0x10000b3e                recursive_mutex_init
 .text.critical_section_init_with_lock_num
                0x10000b5c       0x14 CMakeFiles/hello_world.dir/C_/Program_Files/Raspberry_Pi/Pico_SDK_v1.5.1/pico-sdk/src/common/pico_sync/critical_section.c.obj
                0x10000b5c                critical_section_init_with_lock_num
 .text.critical_section_init
                0x10000b70       0x14 CMakeFiles/hello_world.dir/C_/Program_Files/Raspberry_Pi/Pico_SDK_v1.5.1/pico-sdk/src/common/pico_sync/critical_section.c.obj
                0x10000b70                critical_section_init
 .text.alarm_pool_post_alloc_init
                0x10000b84       0x40 CMakeFiles/hello_world.dir/C_/Program_Files/Raspberry_Pi/Pico_SDK_v1.5.1/pico-sdk/src/common/pico_time/time.c.obj
 .text.sleep_until_callback
                0x10000bc4       0x30 CMakeFiles/hello_world.dir/C_/Program_Files/Raspberry_Pi/Pico_SDK_v1.5.1/pico-sdk/src/common/pico_time/time.c.obj
 .text.timer_pool_entry_comparator
                0x10000bf4       0x7c CMakeFiles/hello_world.dir/C_/Program_Files/Raspberry_Pi/Pico_SDK_v1.5.1/pico-sdk/src/common/pico_time/time.c.obj
                0x10000bf4                timer_pool_entry_comparator
 .text.ph_add_child_node
                0x10000c70       0xa4 CMakeFiles/hello_world.dir/C_/Program_Files/Raspberry_Pi/Pico_SDK_v1.5.1/pico-sdk/src/common/pico_time/time.c.obj
 .text.ph_merge_nodes
                0x10000d14       0x3e CMakeFiles/hello_world.dir/C_/Program_Files/Raspberry_Pi/Pico_SDK_v1.5.1/pico-sdk/src/common/pico_time/time.c.obj
 *fill*         0x10000d52        0x2 
 .text.add_alarm_under_lock
                0x10000d54      0x174 CMakeFiles/hello_world.dir/C_/Program_Files/Raspberry_Pi/Pico_SDK_v1.5.1/pico-sdk/src/common/pico_time/time.c.obj
 .text.alarm_pool_alarm_callback
                0x10000ec8      0x33c CMakeFiles/hello_world.dir/C_/Program_Files/Raspberry_Pi/Pico_SDK_v1.5.1/pico-sdk/src/common/pico_time/time.c.obj
 .text.alarm_pool_init_default
                0x10001204       0x40 CMakeFiles/hello_world.dir/C_/Program_Files/Raspberry_Pi/Pico_SDK_v1.5.1/pico-sdk/src/common/pico_time/time.c.obj
                0x10001204                alarm_pool_init_default
 .text.alarm_pool_get_default
                0x10001244       0x2c CMakeFiles/hello_world.dir/C_/Program_Files/Raspberry_Pi/Pico_SDK_v1.5.1/pico-sdk/src/common/pico_time/time.c.obj
                0x10001244                alarm_pool_get_default
 .text.alarm_pool_add_alarm_at
                0x10001270      0x168 CMakeFiles/hello_world.dir/C_/Program_Files/Raspberry_Pi/Pico_SDK_v1.5.1/pico-sdk/src/common/pico_time/time.c.obj
                0x10001270                alarm_pool_add_alarm_at
 .text.alarm_pool_cancel_alarm
                0x100013d8       0xf8 CMakeFiles/hello_world.dir/C_/Program_Files/Raspberry_Pi/Pico_SDK_v1.5.1/pico-sdk/src/common/pico_time/time.c.obj
                0x100013d8                alarm_pool_cancel_alarm
 .text.alarm_pool_core_num
                0x100014d0        0x4 CMakeFiles/hello_world.dir/C_/Program_Files/Raspberry_Pi/Pico_SDK_v1.5.1/pico-sdk/src/common/pico_time/time.c.obj
                0x100014d0                alarm_pool_core_num
 .text.sleep_until
                0x100014d4       0xfc CMakeFiles/hello_world.dir/C_/Program_Files/Raspberry_Pi/Pico_SDK_v1.5.1/pico-sdk/src/common/pico_time/time.c.obj
                0x100014d4                sleep_until
 .text.sleep_us
                0x100015d0       0x58 CMakeFiles/hello_world.dir/C_/Program_Files/Raspberry_Pi/Pico_SDK_v1.5.1/pico-sdk/src/common/pico_time/time.c.obj
                0x100015d0                sleep_us
 .text.sleep_ms
                0x10001628       0x14 CMakeFiles/hello_world.dir/C_/Program_Files/Raspberry_Pi/Pico_SDK_v1.5.1/pico-sdk/src/common/pico_time/time.c.obj
                0x10001628                sleep_ms
 .text.best_effort_wfe_or_timeout
                0x1000163c       0xac CMakeFiles/hello_world.dir/C_/Program_Files/Raspberry_Pi/Pico_SDK_v1.5.1/pico-sdk/src/common/pico_time/time.c.obj
                0x1000163c                best_effort_wfe_or_timeout
 .text.hardware_alarm_irq_handler
                0x100016e8       0x90 CMakeFiles/hello_world.dir/C_/Program_Files/Raspberry_Pi/Pico_SDK_v1.5.1/pico-sdk/src/rp2_common/hardware_timer/timer.c.obj
 .text.hardware_alarm_claim
                0x10001778       0x18 CMakeFiles/hello_world.dir/C_/Program_Files/Raspberry_Pi/Pico_SDK_v1.5.1/pico-sdk/src/rp2_common/hardware_timer/timer.c.obj
                0x10001778                hardware_alarm_claim
 .text.time_us_64
                0x10001790       0x18 CMakeFiles/hello_world.dir/C_/Program_Files/Raspberry_Pi/Pico_SDK_v1.5.1/pico-sdk/src/rp2_common/hardware_timer/timer.c.obj
                0x10001790                time_us_64
 .text.busy_wait_until
                0x100017a8       0x28 CMakeFiles/hello_world.dir/C_/Program_Files/Raspberry_Pi/Pico_SDK_v1.5.1/pico-sdk/src/rp2_common/hardware_timer/timer.c.obj
                0x100017a8                busy_wait_until
 .text.hardware_alarm_set_callback
                0x100017d0       0x90 CMakeFiles/hello_world.dir/C_/Program_Files/Raspberry_Pi/Pico_SDK_v1.5.1/pico-sdk/src/rp2_common/hardware_timer/timer.c.obj
                0x100017d0                hardware_alarm_set_callback
 .text.hardware_alarm_set_target
                0x10001860       0xe8 CMakeFiles/hello_world.dir/C_/Program_Files/Raspberry_Pi/Pico_SDK_v1.5.1/pico-sdk/src/rp2_common/hardware_timer/timer.c.obj
                0x10001860                hardware_alarm_set_target
 .text.hardware_alarm_cancel
                0x10001948       0x40 CMakeFiles/hello_world.dir/C_/Program_Files/Raspberry_Pi/Pico_SDK_v1.5.1/pico-sdk/src/rp2_common/hardware_timer/timer.c.obj
                0x10001948                hardware_alarm_cancel
 .text.ph_add_child_node
                0x10001988       0xa4 CMakeFiles/hello_world.dir/C_/Program_Files/Raspberry_Pi/Pico_SDK_v1.5.1/pico-sdk/src/common/pico_util/pheap.c.obj
 .text.ph_merge_nodes
                0x10001a2c       0x3e CMakeFiles/hello_world.dir/C_/Program_Files/Raspberry_Pi/Pico_SDK_v1.5.1/pico-sdk/src/common/pico_util/pheap.c.obj
 *fill*         0x10001a6a        0x2 
 .text.ph_clear
                0x10001a6c       0x70 CMakeFiles/hello_world.dir/C_/Program_Files/Raspberry_Pi/Pico_SDK_v1.5.1/pico-sdk/src/common/pico_util/pheap.c.obj
                0x10001a6c                ph_clear
 .text.ph_post_alloc_init
                0x10001adc        0xe CMakeFiles/hello_world.dir/C_/Program_Files/Raspberry_Pi/Pico_SDK_v1.5.1/pico-sdk/src/common/pico_util/pheap.c.obj
                0x10001adc                ph_post_alloc_init
 *fill*         0x10001aea        0x2 
 .text.ph_merge_two_pass
                0x10001aec       0xa8 CMakeFiles/hello_world.dir/C_/Program_Files/Raspberry_Pi/Pico_SDK_v1.5.1/pico-sdk/src/common/pico_util/pheap.c.obj
                0x10001aec                ph_merge_two_pass
 .text.ph_remove_any_head
                0x10001b94      0x128 CMakeFiles/hello_world.dir/C_/Program_Files/Raspberry_Pi/Pico_SDK_v1.5.1/pico-sdk/src/common/pico_util/pheap.c.obj
 .text.ph_remove_head
                0x10001cbc       0x14 CMakeFiles/hello_world.dir/C_/Program_Files/Raspberry_Pi/Pico_SDK_v1.5.1/pico-sdk/src/common/pico_util/pheap.c.obj
                0x10001cbc                ph_remove_head
 .text.ph_remove_and_free_node
                0x10001cd0       0xf8 CMakeFiles/hello_world.dir/C_/Program_Files/Raspberry_Pi/Pico_SDK_v1.5.1/pico-sdk/src/common/pico_util/pheap.c.obj
                0x10001cd0                ph_remove_and_free_node
 .text.clock_configure
                0x10001dc8      0x108 CMakeFiles/hello_world.dir/C_/Program_Files/Raspberry_Pi/Pico_SDK_v1.5.1/pico-sdk/src/rp2_common/hardware_clocks/clocks.c.obj
                0x10001dc8                clock_configure
 .text.clocks_init
                0x10001ed0      0x100 CMakeFiles/hello_world.dir/C_/Program_Files/Raspberry_Pi/Pico_SDK_v1.5.1/pico-sdk/src/rp2_common/hardware_clocks/clocks.c.obj
                0x10001ed0                clocks_init
 .text.clock_get_hz
                0x10001fd0        0xc CMakeFiles/hello_world.dir/C_/Program_Files/Raspberry_Pi/Pico_SDK_v1.5.1/pico-sdk/src/rp2_common/hardware_clocks/clocks.c.obj
                0x10001fd0                clock_get_hz
 .text.pll_init
                0x10001fdc      0x120 CMakeFiles/hello_world.dir/C_/Program_Files/Raspberry_Pi/Pico_SDK_v1.5.1/pico-sdk/src/rp2_common/hardware_pll/pll.c.obj
                0x10001fdc                pll_init
 .text.watchdog_start_tick
                0x100020fc       0x10 CMakeFiles/hello_world.dir/C_/Program_Files/Raspberry_Pi/Pico_SDK_v1.5.1/pico-sdk/src/rp2_common/hardware_watchdog/watchdog.c.obj
                0x100020fc                watchdog_start_tick
 .text.watchdog_update
                0x1000210c       0x14 CMakeFiles/hello_world.dir/C_/Program_Files/Raspberry_Pi/Pico_SDK_v1.5.1/pico-sdk/src/rp2_common/hardware_watchdog/watchdog.c.obj
                0x1000210c                watchdog_update
 .text._watchdog_enable
                0x10002120       0x78 CMakeFiles/hello_world.dir/C_/Program_Files/Raspberry_Pi/Pico_SDK_v1.5.1/pico-sdk/src/rp2_common/hardware_watchdog/watchdog.c.obj
                0x10002120                _watchdog_enable
 .text.watchdog_reboot
                0x10002198       0x48 CMakeFiles/hello_world.dir/C_/Program_Files/Raspberry_Pi/Pico_SDK_v1.5.1/pico-sdk/src/rp2_common/hardware_watchdog/watchdog.c.obj
                0x10002198                watchdog_reboot
 .text.xosc_init
                0x100021e0       0x28 CMakeFiles/hello_world.dir/C_/Program_Files/Raspberry_Pi/Pico_SDK_v1.5.1/pico-sdk/src/rp2_common/hardware_xosc/xosc.c.obj
                0x100021e0                xosc_init
 .text._exit    0x10002208        0x4 CMakeFiles/hello_world.dir/C_/Program_Files/Raspberry_Pi/Pico_SDK_v1.5.1/pico-sdk/src/rp2_common/pico_runtime/runtime.c.obj
                0x10002208                _exit
 .text._getpid  0x1000220c        0x4 CMakeFiles/hello_world.dir/C_/Program_Files/Raspberry_Pi/Pico_SDK_v1.5.1/pico-sdk/src/rp2_common/pico_runtime/runtime.c.obj
                0x1000220c                _getpid
 .text._kill    0x10002210        0x6 CMakeFiles/hello_world.dir/C_/Program_Files/Raspberry_Pi/Pico_SDK_v1.5.1/pico-sdk/src/rp2_common/pico_runtime/runtime.c.obj
                0x10002210                _kill
 .text.exit     0x10002216        0x6 CMakeFiles/hello_world.dir/C_/Program_Files/Raspberry_Pi/Pico_SDK_v1.5.1/pico-sdk/src/rp2_common/pico_runtime/runtime.c.obj
                0x10002216                exit
 .text.__assert_func
                0x1000221c       0x3c CMakeFiles/hello_world.dir/C_/Program_Files/Raspberry_Pi/Pico_SDK_v1.5.1/pico-sdk/src/rp2_common/pico_runtime/runtime.c.obj
                0x1000221c                __assert_func
 .text.runtime_init
                0x10002258       0xf8 CMakeFiles/hello_world.dir/C_/Program_Files/Raspberry_Pi/Pico_SDK_v1.5.1/pico-sdk/src/rp2_common/pico_runtime/runtime.c.obj
                0x10002258                runtime_init
 .text.panic    0x10002350       0x30 CMakeFiles/hello_world.dir/C_/Program_Files/Raspberry_Pi/Pico_SDK_v1.5.1/pico-sdk/src/rp2_common/pico_runtime/runtime.c.obj
                0x10002350                panic
 .text._out_null
                0x10002380        0x2 CMakeFiles/hello_world.dir/C_/Program_Files/Raspberry_Pi/Pico_SDK_v1.5.1/pico-sdk/src/rp2_common/pico_printf/printf.c.obj
 .text._out_fct
                0x10002382        0xe CMakeFiles/hello_world.dir/C_/Program_Files/Raspberry_Pi/Pico_SDK_v1.5.1/pico-sdk/src/rp2_common/pico_printf/printf.c.obj
 .text._atoi    0x10002390       0x24 CMakeFiles/hello_world.dir/C_/Program_Files/Raspberry_Pi/Pico_SDK_v1.5.1/pico-sdk/src/rp2_common/pico_printf/printf.c.obj
 .text._out_rev
                0x100023b4       0xae CMakeFiles/hello_world.dir/C_/Program_Files/Raspberry_Pi/Pico_SDK_v1.5.1/pico-sdk/src/rp2_common/pico_printf/printf.c.obj
 .text._ntoa_format
                0x10002462      0x112 CMakeFiles/hello_world.dir/C_/Program_Files/Raspberry_Pi/Pico_SDK_v1.5.1/pico-sdk/src/rp2_common/pico_printf/printf.c.obj
 .text._ntoa_long
                0x10002574       0xbc CMakeFiles/hello_world.dir/C_/Program_Files/Raspberry_Pi/Pico_SDK_v1.5.1/pico-sdk/src/rp2_common/pico_printf/printf.c.obj
 .text._ntoa_long_long
                0x10002630       0xe2 CMakeFiles/hello_world.dir/C_/Program_Files/Raspberry_Pi/Pico_SDK_v1.5.1/pico-sdk/src/rp2_common/pico_printf/printf.c.obj
 *fill*         0x10002712        0x2 
 .text._etoa    0x10002714      0x414 CMakeFiles/hello_world.dir/C_/Program_Files/Raspberry_Pi/Pico_SDK_v1.5.1/pico-sdk/src/rp2_common/pico_printf/printf.c.obj
 .text._ftoa    0x10002b28      0x354 CMakeFiles/hello_world.dir/C_/Program_Files/Raspberry_Pi/Pico_SDK_v1.5.1/pico-sdk/src/rp2_common/pico_printf/printf.c.obj
 .text._vsnprintf
                0x10002e7c      0x624 CMakeFiles/hello_world.dir/C_/Program_Files/Raspberry_Pi/Pico_SDK_v1.5.1/pico-sdk/src/rp2_common/pico_printf/printf.c.obj
 .text.vfctprintf
                0x100034a0       0x20 CMakeFiles/hello_world.dir/C_/Program_Files/Raspberry_Pi/Pico_SDK_v1.5.1/pico-sdk/src/rp2_common/pico_printf/printf.c.obj
                0x100034a0                vfctprintf
 .text          0x100034c0       0x10 CMakeFiles/hello_world.dir/C_/Program_Files/Raspberry_Pi/Pico_SDK_v1.5.1/pico-sdk/src/rp2_common/pico_bit_ops/bit_ops_aeabi.S.obj
 .text.rom_func_lookup
                0x100034d0       0x10 CMakeFiles/hello_world.dir/C_/Program_Files/Raspberry_Pi/Pico_SDK_v1.5.1/pico-sdk/src/rp2_common/pico_bootrom/bootrom.c.obj
                0x100034d0                rom_func_lookup
 .text.rom_data_lookup
                0x100034e0       0x10 CMakeFiles/hello_world.dir/C_/Program_Files/Raspberry_Pi/Pico_SDK_v1.5.1/pico-sdk/src/rp2_common/pico_bootrom/bootrom.c.obj
                0x100034e0                rom_data_lookup
 .text.rom_funcs_lookup
                0x100034f0       0x36 CMakeFiles/hello_world.dir/C_/Program_Files/Raspberry_Pi/Pico_SDK_v1.5.1/pico-sdk/src/rp2_common/pico_bootrom/bootrom.c.obj
                0x100034f0                rom_funcs_lookup
 *fill*         0x10003526        0x2 
 .text.__wrap___aeabi_idiv
                0x10003528       0x50 CMakeFiles/hello_world.dir/C_/Program_Files/Raspberry_Pi/Pico_SDK_v1.5.1/pico-sdk/src/rp2_common/pico_divider/divider.S.obj
                0x10003528                __wrap___aeabi_idivmod
                0x10003528                divmod_s32s32
                0x10003528                div_s32s32
                0x10003528                __wrap___aeabi_idiv
                0x10003530                divmod_s32s32_unsafe
                0x1000355c                divmod_s32s32_savestate
 .text.__wrap___aeabi_uidiv
                0x10003578       0x4c CMakeFiles/hello_world.dir/C_/Program_Files/Raspberry_Pi/Pico_SDK_v1.5.1/pico-sdk/src/rp2_common/pico_divider/divider.S.obj
                0x10003578                __wrap___aeabi_uidiv
                0x10003578                __wrap___aeabi_uidivmod
                0x10003578                div_u32u32
                0x10003578                divmod_u32u32
                0x10003580                divmod_u32u32_unsafe
                0x100035a8                divmod_u32u32_savestate
 .text.__wrap___aeabi_ldiv
                0x100035c4      0x424 CMakeFiles/hello_world.dir/C_/Program_Files/Raspberry_Pi/Pico_SDK_v1.5.1/pico-sdk/src/rp2_common/pico_divider/divider.S.obj
                0x100035c4                div_s64s64
                0x100035c4                divmod_s64s64
                0x100035c4                __wrap___aeabi_ldivmod
                0x100035f4                divmod_u64u64
                0x100035f4                div_u64u64
                0x100035f4                __wrap___aeabi_uldivmod
                0x10003604                divmod_u64u64_savestate
                0x10003624                divmod_s64s64_unsafe
                0x100036ac                divmod_u64u64_unsafe
 .text.__wrap___aeabi_darithmetic
                0x100039e8       0x80 CMakeFiles/hello_world.dir/C_/Program_Files/Raspberry_Pi/Pico_SDK_v1.5.1/pico-sdk/src/rp2_common/pico_double/double_aeabi.S.obj
                0x100039e8                __wrap___aeabi_drsub
                0x100039ee                __wrap___aeabi_dsub
                0x10003a00                __wrap___aeabi_dadd
                0x10003a12                __wrap___aeabi_ddiv
                0x10003a4e                __wrap___aeabi_dmul
 .text.__wrap___aeabi_cdcmple
                0x10003a68       0x6c CMakeFiles/hello_world.dir/C_/Program_Files/Raspberry_Pi/Pico_SDK_v1.5.1/pico-sdk/src/rp2_common/pico_double/double_aeabi.S.obj
                0x10003a68                __wrap___aeabi_cdrcmple
                0x10003a78                __wrap___aeabi_cdcmpeq
                0x10003a78                __wrap___aeabi_cdcmple
 .text.__wrap___aeabi_dcmplt
                0x10003ad4        0xc CMakeFiles/hello_world.dir/C_/Program_Files/Raspberry_Pi/Pico_SDK_v1.5.1/pico-sdk/src/rp2_common/pico_double/double_aeabi.S.obj
                0x10003ad4                __wrap___aeabi_dcmplt
 .text.__wrap___aeabi_dcmple
                0x10003ae0       0x10 CMakeFiles/hello_world.dir/C_/Program_Files/Raspberry_Pi/Pico_SDK_v1.5.1/pico-sdk/src/rp2_common/pico_double/double_aeabi.S.obj
                0x10003ae0                __wrap___aeabi_dcmple
 .text.__wrap___aeabi_dcmpge
                0x10003af0       0x10 CMakeFiles/hello_world.dir/C_/Program_Files/Raspberry_Pi/Pico_SDK_v1.5.1/pico-sdk/src/rp2_common/pico_double/double_aeabi.S.obj
                0x10003af0                __wrap___aeabi_dcmpge
 .text.__wrap___aeabi_dcmpgt
                0x10003b00        0xa CMakeFiles/hello_world.dir/C_/Program_Files/Raspberry_Pi/Pico_SDK_v1.5.1/pico-sdk/src/rp2_common/pico_double/double_aeabi.S.obj
                0x10003b00                __wrap___aeabi_dcmpgt
 .text.__wrap___aeabi_dcmpun
                0x10003b0a       0x1c CMakeFiles/hello_world.dir/C_/Program_Files/Raspberry_Pi/Pico_SDK_v1.5.1/pico-sdk/src/rp2_common/pico_double/double_aeabi.S.obj
                0x10003b0a                __wrap___aeabi_dcmpun
 *fill*         0x10003b26        0x2 
 .text.__wrap___aeabi_i2d
                0x10003b28       0x38 CMakeFiles/hello_world.dir/C_/Program_Files/Raspberry_Pi/Pico_SDK_v1.5.1/pico-sdk/src/rp2_common/pico_double/double_aeabi.S.obj
                0x10003b28                __wrap___aeabi_ui2d
                0x10003b30                __wrap___aeabi_i2d
 .text.__wrap___aeabi_d2iz
                0x10003b60       0x48 CMakeFiles/hello_world.dir/C_/Program_Files/Raspberry_Pi/Pico_SDK_v1.5.1/pico-sdk/src/rp2_common/pico_double/double_aeabi.S.obj
                0x10003b60                double2int_z
                0x10003b60                __wrap___aeabi_d2iz
 .text.__wrap___aeabi_d2uiz
                0x10003ba8       0x18 CMakeFiles/hello_world.dir/C_/Program_Files/Raspberry_Pi/Pico_SDK_v1.5.1/pico-sdk/src/rp2_common/pico_double/double_aeabi.S.obj
                0x10003ba8                __wrap___aeabi_d2uiz
                0x10003ba8                double2uint
 .text.__aeabi_double_init
                0x10003bc0       0xc8 CMakeFiles/hello_world.dir/C_/Program_Files/Raspberry_Pi/Pico_SDK_v1.5.1/pico-sdk/src/rp2_common/pico_double/double_init_rom.c.obj
                0x10003bc0                __aeabi_double_init
 .text.double_table_shim_on_use_helper
                0x10003c88       0x34 CMakeFiles/hello_world.dir/C_/Program_Files/Raspberry_Pi/Pico_SDK_v1.5.1/pico-sdk/src/rp2_common/pico_double/double_v1_rom_shim.S.obj
                0x10003c88                double_table_shim_on_use_helper
 .text.__wrap___aeabi_dsub
                0x10003cbc       0x10 CMakeFiles/hello_world.dir/C_/Program_Files/Raspberry_Pi/Pico_SDK_v1.5.1/pico-sdk/src/rp2_common/pico_double/double_v1_rom_shim.S.obj
                0x10003cbc                drsub_shim
                0x10003cc2                dsub_shim
 .text.dadd_shim
                0x10003ccc      0x15c CMakeFiles/hello_world.dir/C_/Program_Files/Raspberry_Pi/Pico_SDK_v1.5.1/pico-sdk/src/rp2_common/pico_double/double_v1_rom_shim.S.obj
                0x10003ccc                dadd_shim
 .text.dmul_shim
                0x10003e28      0x15c CMakeFiles/hello_world.dir/C_/Program_Files/Raspberry_Pi/Pico_SDK_v1.5.1/pico-sdk/src/rp2_common/pico_double/double_v1_rom_shim.S.obj
                0x10003e28                dmul_shim
 .text.ddiv_shim
                0x10003f84      0x1b0 CMakeFiles/hello_world.dir/C_/Program_Files/Raspberry_Pi/Pico_SDK_v1.5.1/pico-sdk/src/rp2_common/pico_double/double_v1_rom_shim.S.obj
                0x10003f84                ddiv_shim
 .text.double2uint_shim
                0x10004134        0xe CMakeFiles/hello_world.dir/C_/Program_Files/Raspberry_Pi/Pico_SDK_v1.5.1/pico-sdk/src/rp2_common/pico_double/double_v1_rom_shim.S.obj
                0x10004134                double2uint_shim
                0x10004136                double2ufix_shim
 *fill*         0x10004142        0x2 
 .text.double2uint64_shim
                0x10004144       0x70 CMakeFiles/hello_world.dir/C_/Program_Files/Raspberry_Pi/Pico_SDK_v1.5.1/pico-sdk/src/rp2_common/pico_double/double_v1_rom_shim.S.obj
                0x10004144                double2uint64_shim
                0x10004146                double2ufix64_shim
                0x10004166                d2fix_a
 .text.dunpacks
                0x100041b4       0x3c CMakeFiles/hello_world.dir/C_/Program_Files/Raspberry_Pi/Pico_SDK_v1.5.1/pico-sdk/src/rp2_common/pico_double/double_v1_rom_shim.S.obj
                0x100041b4                dunpacks
 .text.__aeabi_lmul
                0x100041f0       0x32 CMakeFiles/hello_world.dir/C_/Program_Files/Raspberry_Pi/Pico_SDK_v1.5.1/pico-sdk/src/rp2_common/pico_int64_ops/pico_int64_ops_aeabi.S.obj
                0x100041f0                __wrap___aeabi_lmul
 *fill*         0x10004222        0x2 
 .text.__wrap___aeabi_farithmetic
                0x10004224       0x58 CMakeFiles/hello_world.dir/C_/Program_Files/Raspberry_Pi/Pico_SDK_v1.5.1/pico-sdk/src/rp2_common/pico_float/float_aeabi.S.obj
                0x10004224                __wrap___aeabi_frsub
                0x1000422a                __wrap___aeabi_fsub
                0x10004234                __wrap___aeabi_fadd
                0x1000423e                __wrap___aeabi_fdiv
                0x1000426a                __wrap___aeabi_fmul
 .text.__wrap___aeabi_cfcmple
                0x1000427c       0x50 CMakeFiles/hello_world.dir/C_/Program_Files/Raspberry_Pi/Pico_SDK_v1.5.1/pico-sdk/src/rp2_common/pico_float/float_aeabi.S.obj
                0x1000427c                __wrap___aeabi_cfrcmple
                0x10004288                __wrap___aeabi_cfcmple
                0x10004288                __wrap___aeabi_cfcmpeq
 .text.__wrap___aeabi_fcmplt
                0x100042cc        0xc CMakeFiles/hello_world.dir/C_/Program_Files/Raspberry_Pi/Pico_SDK_v1.5.1/pico-sdk/src/rp2_common/pico_float/float_aeabi.S.obj
                0x100042cc                __wrap___aeabi_fcmplt
 .text.__wrap___aeabi_fcmpgt
                0x100042d8        0xa CMakeFiles/hello_world.dir/C_/Program_Files/Raspberry_Pi/Pico_SDK_v1.5.1/pico-sdk/src/rp2_common/pico_float/float_aeabi.S.obj
                0x100042d8                __wrap___aeabi_fcmpgt
 .text.__wrap___aeabi_ui2f
                0x100042e2        0xa CMakeFiles/hello_world.dir/C_/Program_Files/Raspberry_Pi/Pico_SDK_v1.5.1/pico-sdk/src/rp2_common/pico_float/float_aeabi.S.obj
                0x100042e2                __wrap___aeabi_ui2f
 .text.__wrap___aeabi_i2f
                0x100042ec       0x44 CMakeFiles/hello_world.dir/C_/Program_Files/Raspberry_Pi/Pico_SDK_v1.5.1/pico-sdk/src/rp2_common/pico_float/float_aeabi.S.obj
                0x100042ec                __wrap___aeabi_i2f
 .text.__wrap___aeabi_f2iz
                0x10004330       0x4e CMakeFiles/hello_world.dir/C_/Program_Files/Raspberry_Pi/Pico_SDK_v1.5.1/pico-sdk/src/rp2_common/pico_float/float_aeabi.S.obj
                0x10004330                float2int_z
                0x10004330                __wrap___aeabi_f2iz
 *fill*         0x1000437e        0x2 
 .text.float2int
                0x10004380       0x14 CMakeFiles/hello_world.dir/C_/Program_Files/Raspberry_Pi/Pico_SDK_v1.5.1/pico-sdk/src/rp2_common/pico_float/float_aeabi.S.obj
                0x10004380                float2int
 .text.__wrap___aeabi_f2uiz
                0x10004394       0x10 CMakeFiles/hello_world.dir/C_/Program_Files/Raspberry_Pi/Pico_SDK_v1.5.1/pico-sdk/src/rp2_common/pico_float/float_aeabi.S.obj
                0x10004394                __wrap___aeabi_f2uiz
 .text.__aeabi_float_init
                0x100043a4       0xfc CMakeFiles/hello_world.dir/C_/Program_Files/Raspberry_Pi/Pico_SDK_v1.5.1/pico-sdk/src/rp2_common/pico_float/float_init_rom.c.obj
                0x100043a4                __aeabi_float_init
 .text.float_table_shim_on_use_helper
                0x100044a0       0x34 CMakeFiles/hello_world.dir/C_/Program_Files/Raspberry_Pi/Pico_SDK_v1.5.1/pico-sdk/src/rp2_common/pico_float/float_v1_rom_shim.S.obj
                0x100044a0                float_table_shim_on_use_helper
 .text.float232_shims
                0x100044d4       0x18 CMakeFiles/hello_world.dir/C_/Program_Files/Raspberry_Pi/Pico_SDK_v1.5.1/pico-sdk/src/rp2_common/pico_float/float_v1_rom_shim.S.obj
                0x100044d4                float2int_shim
                0x100044d6                float2fix_shim
 .text          0x100044ec       0x10 CMakeFiles/hello_world.dir/C_/Program_Files/Raspberry_Pi/Pico_SDK_v1.5.1/pico-sdk/src/rp2_common/pico_mem_ops/mem_ops_aeabi.S.obj
                0x100044ec                __aeabi_mem_init
 .text.aeabi_memset_memcpy
                0x100044fc       0x24 CMakeFiles/hello_world.dir/C_/Program_Files/Raspberry_Pi/Pico_SDK_v1.5.1/pico-sdk/src/rp2_common/pico_mem_ops/mem_ops_aeabi.S.obj
                0x100044fc                __wrap___aeabi_memset
                0x10004508                __wrap___aeabi_memset8
                0x10004508                __wrap___aeabi_memset4
                0x10004514                __wrap___aeabi_memcpy4
                0x10004514                __wrap___aeabi_memcpy8
 .text.memset   0x10004520        0xc CMakeFiles/hello_world.dir/C_/Program_Files/Raspberry_Pi/Pico_SDK_v1.5.1/pico-sdk/src/rp2_common/pico_mem_ops/mem_ops_aeabi.S.obj
                0x10004520                __wrap_memset
 .text.memcpy   0x1000452c        0xc CMakeFiles/hello_world.dir/C_/Program_Files/Raspberry_Pi/Pico_SDK_v1.5.1/pico-sdk/src/rp2_common/pico_mem_ops/mem_ops_aeabi.S.obj
                0x1000452c                __wrap_memcpy
                0x1000452c                __wrap___aeabi_memcpy
 .text.stdio_out_chars_no_crlf
                0x10004538        0xe CMakeFiles/hello_world.dir/C_/Program_Files/Raspberry_Pi/Pico_SDK_v1.5.1/pico-sdk/src/rp2_common/pico_stdio/stdio.c.obj
 *fill*         0x10004546        0x2 
 .text.stdio_out_chars_crlf
                0x10004548       0x80 CMakeFiles/hello_world.dir/C_/Program_Files/Raspberry_Pi/Pico_SDK_v1.5.1/pico-sdk/src/rp2_common/pico_stdio/stdio.c.obj
 .text.stdio_stack_buffer_flush
                0x100045c8       0x44 CMakeFiles/hello_world.dir/C_/Program_Files/Raspberry_Pi/Pico_SDK_v1.5.1/pico-sdk/src/rp2_common/pico_stdio/stdio.c.obj
 .text.stdio_buffered_printer
                0x1000460c       0x20 CMakeFiles/hello_world.dir/C_/Program_Files/Raspberry_Pi/Pico_SDK_v1.5.1/pico-sdk/src/rp2_common/pico_stdio/stdio.c.obj
 .text.stdout_serialize_begin
                0x1000462c       0x5c CMakeFiles/hello_world.dir/C_/Program_Files/Raspberry_Pi/Pico_SDK_v1.5.1/pico-sdk/src/rp2_common/pico_stdio/stdio.c.obj
                0x1000462c                stdout_serialize_begin
 .text.stdout_serialize_end
                0x10004688       0x10 CMakeFiles/hello_world.dir/C_/Program_Files/Raspberry_Pi/Pico_SDK_v1.5.1/pico-sdk/src/rp2_common/pico_stdio/stdio.c.obj
                0x10004688                stdout_serialize_end
 .text.stdio_put_string
                0x10004698       0x98 CMakeFiles/hello_world.dir/C_/Program_Files/Raspberry_Pi/Pico_SDK_v1.5.1/pico-sdk/src/rp2_common/pico_stdio/stdio.c.obj
 .text._write   0x10004730       0x22 CMakeFiles/hello_world.dir/C_/Program_Files/Raspberry_Pi/Pico_SDK_v1.5.1/pico-sdk/src/rp2_common/pico_stdio/stdio.c.obj
                0x10004730                _write
 *fill*         0x10004752        0x2 
 .text.stdio_set_driver_enabled
                0x10004754       0x2c CMakeFiles/hello_world.dir/C_/Program_Files/Raspberry_Pi/Pico_SDK_v1.5.1/pico-sdk/src/rp2_common/pico_stdio/stdio.c.obj
                0x10004754                stdio_set_driver_enabled
 .text.stdio_flush
                0x10004780       0x20 CMakeFiles/hello_world.dir/C_/Program_Files/Raspberry_Pi/Pico_SDK_v1.5.1/pico-sdk/src/rp2_common/pico_stdio/stdio.c.obj
                0x10004780                stdio_flush
 .text.__wrap_puts
                0x100047a0       0x1e CMakeFiles/hello_world.dir/C_/Program_Files/Raspberry_Pi/Pico_SDK_v1.5.1/pico-sdk/src/rp2_common/pico_stdio/stdio.c.obj
                0x100047a0                __wrap_puts
 *fill*         0x100047be        0x2 
 .text.__wrap_vprintf
                0x100047c0       0x40 CMakeFiles/hello_world.dir/C_/Program_Files/Raspberry_Pi/Pico_SDK_v1.5.1/pico-sdk/src/rp2_common/pico_stdio/stdio.c.obj
                0x100047c0                __wrap_vprintf
 .text.__wrap_printf
                0x10004800       0x18 CMakeFiles/hello_world.dir/C_/Program_Files/Raspberry_Pi/Pico_SDK_v1.5.1/pico-sdk/src/rp2_common/pico_stdio/stdio.c.obj
                0x10004800                __wrap_printf
 .text.stdio_init_all
                0x10004818        0x8 CMakeFiles/hello_world.dir/C_/Program_Files/Raspberry_Pi/Pico_SDK_v1.5.1/pico-sdk/src/rp2_common/pico_stdio/stdio.c.obj
                0x10004818                stdio_init_all
 .text.resetd_init
                0x10004820        0x2 CMakeFiles/hello_world.dir/C_/Program_Files/Raspberry_Pi/Pico_SDK_v1.5.1/pico-sdk/src/rp2_common/pico_stdio_usb/reset_interface.c.obj
 *fill*         0x10004822        0x2 
 .text.resetd_reset
                0x10004824        0xc CMakeFiles/hello_world.dir/C_/Program_Files/Raspberry_Pi/Pico_SDK_v1.5.1/pico-sdk/src/rp2_common/pico_stdio_usb/reset_interface.c.obj
 .text.resetd_open
                0x10004830       0x34 CMakeFiles/hello_world.dir/C_/Program_Files/Raspberry_Pi/Pico_SDK_v1.5.1/pico-sdk/src/rp2_common/pico_stdio_usb/reset_interface.c.obj
 .text.resetd_xfer_cb
                0x10004864        0x4 CMakeFiles/hello_world.dir/C_/Program_Files/Raspberry_Pi/Pico_SDK_v1.5.1/pico-sdk/src/rp2_common/pico_stdio_usb/reset_interface.c.obj
 .text.reset_usb_boot
                0x10004868       0x18 CMakeFiles/hello_world.dir/C_/Program_Files/Raspberry_Pi/Pico_SDK_v1.5.1/pico-sdk/src/rp2_common/pico_stdio_usb/reset_interface.c.obj
 .text.resetd_control_xfer_cb
                0x10004880       0x5c CMakeFiles/hello_world.dir/C_/Program_Files/Raspberry_Pi/Pico_SDK_v1.5.1/pico-sdk/src/rp2_common/pico_stdio_usb/reset_interface.c.obj
 .text.usbd_app_driver_get_cb
                0x100048dc        0xc CMakeFiles/hello_world.dir/C_/Program_Files/Raspberry_Pi/Pico_SDK_v1.5.1/pico-sdk/src/rp2_common/pico_stdio_usb/reset_interface.c.obj
                0x100048dc                usbd_app_driver_get_cb
 .text.tud_cdc_line_coding_cb
                0x100048e8       0x28 CMakeFiles/hello_world.dir/C_/Program_Files/Raspberry_Pi/Pico_SDK_v1.5.1/pico-sdk/src/rp2_common/pico_stdio_usb/reset_interface.c.obj
                0x100048e8                tud_cdc_line_coding_cb
 .text.stdio_usb_set_chars_available_callback
                0x10004910       0x14 CMakeFiles/hello_world.dir/C_/Program_Files/Raspberry_Pi/Pico_SDK_v1.5.1/pico-sdk/src/rp2_common/pico_stdio_usb/stdio_usb.c.obj
                0x10004910                stdio_usb_set_chars_available_callback
 .text.usb_irq  0x10004924       0x10 CMakeFiles/hello_world.dir/C_/Program_Files/Raspberry_Pi/Pico_SDK_v1.5.1/pico-sdk/src/rp2_common/pico_stdio_usb/stdio_usb.c.obj
 .text.timer_task
                0x10004934       0x5c CMakeFiles/hello_world.dir/C_/Program_Files/Raspberry_Pi/Pico_SDK_v1.5.1/pico-sdk/src/rp2_common/pico_stdio_usb/stdio_usb.c.obj
 .text.low_priority_worker_irq
                0x10004990       0xdc CMakeFiles/hello_world.dir/C_/Program_Files/Raspberry_Pi/Pico_SDK_v1.5.1/pico-sdk/src/rp2_common/pico_stdio_usb/stdio_usb.c.obj
 .text.tud_cdc_rx_cb
                0x10004a6c       0x20 CMakeFiles/hello_world.dir/C_/Program_Files/Raspberry_Pi/Pico_SDK_v1.5.1/pico-sdk/src/rp2_common/pico_stdio_usb/stdio_usb.c.obj
                0x10004a6c                tud_cdc_rx_cb
 .text.stdio_usb_init
                0x10004a8c      0x11c CMakeFiles/hello_world.dir/C_/Program_Files/Raspberry_Pi/Pico_SDK_v1.5.1/pico-sdk/src/rp2_common/pico_stdio_usb/stdio_usb.c.obj
                0x10004a8c                stdio_usb_init
 .text.stdio_usb_connected
                0x10004ba8        0xa CMakeFiles/hello_world.dir/C_/Program_Files/Raspberry_Pi/Pico_SDK_v1.5.1/pico-sdk/src/rp2_common/pico_stdio_usb/stdio_usb.c.obj
                0x10004ba8                stdio_usb_connected
 *fill*         0x10004bb2        0x2 
 .text.stdio_usb_in_chars
                0x10004bb4       0xc4 CMakeFiles/hello_world.dir/C_/Program_Files/Raspberry_Pi/Pico_SDK_v1.5.1/pico-sdk/src/rp2_common/pico_stdio_usb/stdio_usb.c.obj
                0x10004bb4                stdio_usb_in_chars
 .text.stdio_usb_out_chars
                0x10004c78      0x114 CMakeFiles/hello_world.dir/C_/Program_Files/Raspberry_Pi/Pico_SDK_v1.5.1/pico-sdk/src/rp2_common/pico_stdio_usb/stdio_usb.c.obj
 .text.tud_descriptor_device_cb
                0x10004d8c        0x8 CMakeFiles/hello_world.dir/C_/Program_Files/Raspberry_Pi/Pico_SDK_v1.5.1/pico-sdk/src/rp2_common/pico_stdio_usb/stdio_usb_descriptors.c.obj
                0x10004d8c                tud_descriptor_device_cb
 .text.tud_descriptor_configuration_cb
                0x10004d94        0x8 CMakeFiles/hello_world.dir/C_/Program_Files/Raspberry_Pi/Pico_SDK_v1.5.1/pico-sdk/src/rp2_common/pico_stdio_usb/stdio_usb_descriptors.c.obj
                0x10004d94                tud_descriptor_configuration_cb
 .text.tud_descriptor_string_cb
                0x10004d9c       0x6c CMakeFiles/hello_world.dir/C_/Program_Files/Raspberry_Pi/Pico_SDK_v1.5.1/pico-sdk/src/rp2_common/pico_stdio_usb/stdio_usb_descriptors.c.obj
                0x10004d9c                tud_descriptor_string_cb
 .text._retrieve_unique_id_on_boot
                0x10004e08       0x10 CMakeFiles/hello_world.dir/C_/Program_Files/Raspberry_Pi/Pico_SDK_v1.5.1/pico-sdk/src/rp2_common/pico_unique_id/unique_id.c.obj
 .text.pico_get_unique_board_id_string
                0x10004e18       0x60 CMakeFiles/hello_world.dir/C_/Program_Files/Raspberry_Pi/Pico_SDK_v1.5.1/pico-sdk/src/rp2_common/pico_unique_id/unique_id.c.obj
                0x10004e18                pico_get_unique_board_id_string
 .text.flash_get_unique_id
                0x10004e78       0x46 CMakeFiles/hello_world.dir/C_/Program_Files/Raspberry_Pi/Pico_SDK_v1.5.1/pico-sdk/src/rp2_common/hardware_flash/flash.c.obj
                0x10004e78                flash_get_unique_id
 *fill*         0x10004ebe        0x2 
 .text.hw_endpoint_get_by_addr
                0x10004ec0       0x18 CMakeFiles/hello_world.dir/C_/Program_Files/Raspberry_Pi/Pico_SDK_v1.5.1/pico-sdk/lib/tinyusb/src/portable/raspberrypi/rp2040/dcd_rp2040.c.obj
 .text._hw_endpoint_alloc
                0x10004ed8       0x70 CMakeFiles/hello_world.dir/C_/Program_Files/Raspberry_Pi/Pico_SDK_v1.5.1/pico-sdk/lib/tinyusb/src/portable/raspberrypi/rp2040/dcd_rp2040.c.obj
 .text.hw_endpoint_init
                0x10004f48       0x88 CMakeFiles/hello_world.dir/C_/Program_Files/Raspberry_Pi/Pico_SDK_v1.5.1/pico-sdk/lib/tinyusb/src/portable/raspberrypi/rp2040/dcd_rp2040.c.obj
 .text.hw_endpoint_xfer
                0x10004fd0       0x14 CMakeFiles/hello_world.dir/C_/Program_Files/Raspberry_Pi/Pico_SDK_v1.5.1/pico-sdk/lib/tinyusb/src/portable/raspberrypi/rp2040/dcd_rp2040.c.obj
 .text.dcd_int_enable
                0x10004fe4       0x2c CMakeFiles/hello_world.dir/C_/Program_Files/Raspberry_Pi/Pico_SDK_v1.5.1/pico-sdk/lib/tinyusb/src/portable/raspberrypi/rp2040/dcd_rp2040.c.obj
                0x10004fe4                dcd_int_enable
 .text.dcd_set_address
                0x10005010       0x2c CMakeFiles/hello_world.dir/C_/Program_Files/Raspberry_Pi/Pico_SDK_v1.5.1/pico-sdk/lib/tinyusb/src/portable/raspberrypi/rp2040/dcd_rp2040.c.obj
                0x10005010                dcd_set_address
 .text.dcd_connect
                0x1000503c       0x10 CMakeFiles/hello_world.dir/C_/Program_Files/Raspberry_Pi/Pico_SDK_v1.5.1/pico-sdk/lib/tinyusb/src/portable/raspberrypi/rp2040/dcd_rp2040.c.obj
                0x1000503c                dcd_connect
 .text.dcd_init
                0x1000504c       0x80 CMakeFiles/hello_world.dir/C_/Program_Files/Raspberry_Pi/Pico_SDK_v1.5.1/pico-sdk/lib/tinyusb/src/portable/raspberrypi/rp2040/dcd_rp2040.c.obj
                0x1000504c                dcd_init
 .text.dcd_edpt0_status_complete
                0x100050cc       0x1c CMakeFiles/hello_world.dir/C_/Program_Files/Raspberry_Pi/Pico_SDK_v1.5.1/pico-sdk/lib/tinyusb/src/portable/raspberrypi/rp2040/dcd_rp2040.c.obj
                0x100050cc                dcd_edpt0_status_complete
 .text.dcd_edpt_open
                0x100050e8       0x40 CMakeFiles/hello_world.dir/C_/Program_Files/Raspberry_Pi/Pico_SDK_v1.5.1/pico-sdk/lib/tinyusb/src/portable/raspberrypi/rp2040/dcd_rp2040.c.obj
                0x100050e8                dcd_edpt_open
 .text.dcd_edpt_close_all
                0x10005128        0x8 CMakeFiles/hello_world.dir/C_/Program_Files/Raspberry_Pi/Pico_SDK_v1.5.1/pico-sdk/lib/tinyusb/src/portable/raspberrypi/rp2040/dcd_rp2040.c.obj
                0x10005128                dcd_edpt_close_all
 .text.dcd_edpt_xfer
                0x10005130       0x34 CMakeFiles/hello_world.dir/C_/Program_Files/Raspberry_Pi/Pico_SDK_v1.5.1/pico-sdk/lib/tinyusb/src/portable/raspberrypi/rp2040/dcd_rp2040.c.obj
                0x10005130                dcd_edpt_xfer
 .text.dcd_edpt_stall
                0x10005164       0x2c CMakeFiles/hello_world.dir/C_/Program_Files/Raspberry_Pi/Pico_SDK_v1.5.1/pico-sdk/lib/tinyusb/src/portable/raspberrypi/rp2040/dcd_rp2040.c.obj
                0x10005164                dcd_edpt_stall
 .text.dcd_edpt_clear_stall
                0x10005190       0x20 CMakeFiles/hello_world.dir/C_/Program_Files/Raspberry_Pi/Pico_SDK_v1.5.1/pico-sdk/lib/tinyusb/src/portable/raspberrypi/rp2040/dcd_rp2040.c.obj
                0x10005190                dcd_edpt_clear_stall
 .text.rp2040_usb_init
                0x100051b0       0x4c CMakeFiles/hello_world.dir/C_/Program_Files/Raspberry_Pi/Pico_SDK_v1.5.1/pico-sdk/lib/tinyusb/src/portable/raspberrypi/rp2040/rp2040_usb.c.obj
                0x100051b0                rp2040_usb_init
 .text.hw_endpoint_xfer_start
                0x100051fc       0x50 CMakeFiles/hello_world.dir/C_/Program_Files/Raspberry_Pi/Pico_SDK_v1.5.1/pico-sdk/lib/tinyusb/src/portable/raspberrypi/rp2040/rp2040_usb.c.obj
                0x100051fc                hw_endpoint_xfer_start
 .text.configuration_reset
                0x1000524c       0x84 CMakeFiles/hello_world.dir/C_/Program_Files/Raspberry_Pi/Pico_SDK_v1.5.1/pico-sdk/lib/tinyusb/src/device/usbd.c.obj
 .text.usbd_reset
                0x100052d0        0xc CMakeFiles/hello_world.dir/C_/Program_Files/Raspberry_Pi/Pico_SDK_v1.5.1/pico-sdk/lib/tinyusb/src/device/usbd.c.obj
 .text.invoke_class_control
                0x100052dc       0x1a CMakeFiles/hello_world.dir/C_/Program_Files/Raspberry_Pi/Pico_SDK_v1.5.1/pico-sdk/lib/tinyusb/src/device/usbd.c.obj
 *fill*         0x100052f6        0x2 
 .text.process_set_config
                0x100052f8      0x178 CMakeFiles/hello_world.dir/C_/Program_Files/Raspberry_Pi/Pico_SDK_v1.5.1/pico-sdk/lib/tinyusb/src/device/usbd.c.obj
 .text.process_get_descriptor
                0x10005470       0xdc CMakeFiles/hello_world.dir/C_/Program_Files/Raspberry_Pi/Pico_SDK_v1.5.1/pico-sdk/lib/tinyusb/src/device/usbd.c.obj
 .text.tud_mounted
                0x1000554c       0x10 CMakeFiles/hello_world.dir/C_/Program_Files/Raspberry_Pi/Pico_SDK_v1.5.1/pico-sdk/lib/tinyusb/src/device/usbd.c.obj
                0x1000554c                tud_mounted
 .text.tud_suspended
                0x1000555c       0x10 CMakeFiles/hello_world.dir/C_/Program_Files/Raspberry_Pi/Pico_SDK_v1.5.1/pico-sdk/lib/tinyusb/src/device/usbd.c.obj
                0x1000555c                tud_suspended
 .text.tud_inited
                0x1000556c       0x14 CMakeFiles/hello_world.dir/C_/Program_Files/Raspberry_Pi/Pico_SDK_v1.5.1/pico-sdk/lib/tinyusb/src/device/usbd.c.obj
                0x1000556c                tud_inited
 .text.tud_init
                0x10005580       0xcc CMakeFiles/hello_world.dir/C_/Program_Files/Raspberry_Pi/Pico_SDK_v1.5.1/pico-sdk/lib/tinyusb/src/device/usbd.c.obj
                0x10005580                tud_init
 .text.usbd_defer_func
                0x1000564c       0x2a CMakeFiles/hello_world.dir/C_/Program_Files/Raspberry_Pi/Pico_SDK_v1.5.1/pico-sdk/lib/tinyusb/src/device/usbd.c.obj
                0x1000564c                usbd_defer_func
 *fill*         0x10005676        0x2 
 .text.usbd_edpt_open
                0x10005678       0x34 CMakeFiles/hello_world.dir/C_/Program_Files/Raspberry_Pi/Pico_SDK_v1.5.1/pico-sdk/lib/tinyusb/src/device/usbd.c.obj
                0x10005678                usbd_edpt_open
 .text.usbd_open_edpt_pair
                0x100056ac       0x62 CMakeFiles/hello_world.dir/C_/Program_Files/Raspberry_Pi/Pico_SDK_v1.5.1/pico-sdk/lib/tinyusb/src/device/usbd.c.obj
                0x100056ac                usbd_open_edpt_pair
 *fill*         0x1000570e        0x2 
 .text.usbd_edpt_claim
                0x10005710       0x28 CMakeFiles/hello_world.dir/C_/Program_Files/Raspberry_Pi/Pico_SDK_v1.5.1/pico-sdk/lib/tinyusb/src/device/usbd.c.obj
                0x10005710                usbd_edpt_claim
 .text.usbd_edpt_release
                0x10005738       0x28 CMakeFiles/hello_world.dir/C_/Program_Files/Raspberry_Pi/Pico_SDK_v1.5.1/pico-sdk/lib/tinyusb/src/device/usbd.c.obj
                0x10005738                usbd_edpt_release
 .text.usbd_edpt_xfer
                0x10005760       0x78 CMakeFiles/hello_world.dir/C_/Program_Files/Raspberry_Pi/Pico_SDK_v1.5.1/pico-sdk/lib/tinyusb/src/device/usbd.c.obj
                0x10005760                usbd_edpt_xfer
 .text.usbd_edpt_stall
                0x100057d8       0x48 CMakeFiles/hello_world.dir/C_/Program_Files/Raspberry_Pi/Pico_SDK_v1.5.1/pico-sdk/lib/tinyusb/src/device/usbd.c.obj
                0x100057d8                usbd_edpt_stall
 .text.usbd_edpt_clear_stall
                0x10005820       0x48 CMakeFiles/hello_world.dir/C_/Program_Files/Raspberry_Pi/Pico_SDK_v1.5.1/pico-sdk/lib/tinyusb/src/device/usbd.c.obj
                0x10005820                usbd_edpt_clear_stall
 .text.usbd_edpt_stalled
                0x10005868       0x1c CMakeFiles/hello_world.dir/C_/Program_Files/Raspberry_Pi/Pico_SDK_v1.5.1/pico-sdk/lib/tinyusb/src/device/usbd.c.obj
                0x10005868                usbd_edpt_stalled
 .text.process_control_request
                0x10005884      0x37c CMakeFiles/hello_world.dir/C_/Program_Files/Raspberry_Pi/Pico_SDK_v1.5.1/pico-sdk/lib/tinyusb/src/device/usbd.c.obj
 .text.tud_task_ext
                0x10005c00      0x1b8 CMakeFiles/hello_world.dir/C_/Program_Files/Raspberry_Pi/Pico_SDK_v1.5.1/pico-sdk/lib/tinyusb/src/device/usbd.c.obj
                0x10005c00                tud_task_ext
 .text._data_stage_xact
                0x10005db8       0x58 CMakeFiles/hello_world.dir/C_/Program_Files/Raspberry_Pi/Pico_SDK_v1.5.1/pico-sdk/lib/tinyusb/src/device/usbd_control.c.obj
 .text.tud_control_status
                0x10005e10       0x38 CMakeFiles/hello_world.dir/C_/Program_Files/Raspberry_Pi/Pico_SDK_v1.5.1/pico-sdk/lib/tinyusb/src/device/usbd_control.c.obj
                0x10005e10                tud_control_status
 .text.tud_control_xfer
                0x10005e48       0x74 CMakeFiles/hello_world.dir/C_/Program_Files/Raspberry_Pi/Pico_SDK_v1.5.1/pico-sdk/lib/tinyusb/src/device/usbd_control.c.obj
                0x10005e48                tud_control_xfer
 .text.usbd_control_reset
                0x10005ebc       0x14 CMakeFiles/hello_world.dir/C_/Program_Files/Raspberry_Pi/Pico_SDK_v1.5.1/pico-sdk/lib/tinyusb/src/device/usbd_control.c.obj
                0x10005ebc                usbd_control_reset
 .text.usbd_control_set_complete_callback
                0x10005ed0        0xc CMakeFiles/hello_world.dir/C_/Program_Files/Raspberry_Pi/Pico_SDK_v1.5.1/pico-sdk/lib/tinyusb/src/device/usbd_control.c.obj
                0x10005ed0                usbd_control_set_complete_callback
 .text.usbd_control_set_request
                0x10005edc       0x1c CMakeFiles/hello_world.dir/C_/Program_Files/Raspberry_Pi/Pico_SDK_v1.5.1/pico-sdk/lib/tinyusb/src/device/usbd_control.c.obj
                0x10005edc                usbd_control_set_request
 .text.usbd_control_xfer_cb
                0x10005ef8       0xcc CMakeFiles/hello_world.dir/C_/Program_Files/Raspberry_Pi/Pico_SDK_v1.5.1/pico-sdk/lib/tinyusb/src/device/usbd_control.c.obj
                0x10005ef8                usbd_control_xfer_cb
 .text._prep_out_transaction
                0x10005fc4       0x4a CMakeFiles/hello_world.dir/C_/Program_Files/Raspberry_Pi/Pico_SDK_v1.5.1/pico-sdk/lib/tinyusb/src/class/cdc/cdc_device.c.obj
 *fill*         0x1000600e        0x2 
 .text.tud_cdc_n_connected
                0x10006010       0x44 CMakeFiles/hello_world.dir/C_/Program_Files/Raspberry_Pi/Pico_SDK_v1.5.1/pico-sdk/lib/tinyusb/src/class/cdc/cdc_device.c.obj
                0x10006010                tud_cdc_n_connected
 .text.tud_cdc_n_available
                0x10006054       0x18 CMakeFiles/hello_world.dir/C_/Program_Files/Raspberry_Pi/Pico_SDK_v1.5.1/pico-sdk/lib/tinyusb/src/class/cdc/cdc_device.c.obj
                0x10006054                tud_cdc_n_available
 .text.tud_cdc_n_read
                0x1000606c       0x28 CMakeFiles/hello_world.dir/C_/Program_Files/Raspberry_Pi/Pico_SDK_v1.5.1/pico-sdk/lib/tinyusb/src/class/cdc/cdc_device.c.obj
                0x1000606c                tud_cdc_n_read
 .text.tud_cdc_n_write_flush
                0x10006094       0xb8 CMakeFiles/hello_world.dir/C_/Program_Files/Raspberry_Pi/Pico_SDK_v1.5.1/pico-sdk/lib/tinyusb/src/class/cdc/cdc_device.c.obj
                0x10006094                tud_cdc_n_write_flush
 .text.tud_cdc_n_write
                0x1000614c       0x38 CMakeFiles/hello_world.dir/C_/Program_Files/Raspberry_Pi/Pico_SDK_v1.5.1/pico-sdk/lib/tinyusb/src/class/cdc/cdc_device.c.obj
                0x1000614c                tud_cdc_n_write
 .text.tud_cdc_n_write_available
                0x10006184       0x1c CMakeFiles/hello_world.dir/C_/Program_Files/Raspberry_Pi/Pico_SDK_v1.5.1/pico-sdk/lib/tinyusb/src/class/cdc/cdc_device.c.obj
                0x10006184                tud_cdc_n_write_available
 .text.cdcd_init
                0x100061a0       0xbc CMakeFiles/hello_world.dir/C_/Program_Files/Raspberry_Pi/Pico_SDK_v1.5.1/pico-sdk/lib/tinyusb/src/class/cdc/cdc_device.c.obj
                0x100061a0                cdcd_init
 .text.cdcd_reset
                0x1000625c       0x44 CMakeFiles/hello_world.dir/C_/Program_Files/Raspberry_Pi/Pico_SDK_v1.5.1/pico-sdk/lib/tinyusb/src/class/cdc/cdc_device.c.obj
                0x1000625c                cdcd_reset
 .text.cdcd_open
                0x100062a0       0xcc CMakeFiles/hello_world.dir/C_/Program_Files/Raspberry_Pi/Pico_SDK_v1.5.1/pico-sdk/lib/tinyusb/src/class/cdc/cdc_device.c.obj
                0x100062a0                cdcd_open
 .text.cdcd_control_xfer_cb
                0x1000636c      0x134 CMakeFiles/hello_world.dir/C_/Program_Files/Raspberry_Pi/Pico_SDK_v1.5.1/pico-sdk/lib/tinyusb/src/class/cdc/cdc_device.c.obj
                0x1000636c                cdcd_control_xfer_cb
 .text.cdcd_xfer_cb
                0x100064a0      0x130 CMakeFiles/hello_world.dir/C_/Program_Files/Raspberry_Pi/Pico_SDK_v1.5.1/pico-sdk/lib/tinyusb/src/class/cdc/cdc_device.c.obj
                0x100064a0                cdcd_xfer_cb
 .text.tusb_init
                0x100065d0        0xa CMakeFiles/hello_world.dir/C_/Program_Files/Raspberry_Pi/Pico_SDK_v1.5.1/pico-sdk/lib/tinyusb/src/tusb.c.obj
                0x100065d0                tusb_init
 .text.tusb_inited
                0x100065da        0xe CMakeFiles/hello_world.dir/C_/Program_Files/Raspberry_Pi/Pico_SDK_v1.5.1/pico-sdk/lib/tinyusb/src/tusb.c.obj
                0x100065da                tusb_inited
 .text.tu_edpt_claim
                0x100065e8       0x50 CMakeFiles/hello_world.dir/C_/Program_Files/Raspberry_Pi/Pico_SDK_v1.5.1/pico-sdk/lib/tinyusb/src/tusb.c.obj
                0x100065e8                tu_edpt_claim
 .text.tu_edpt_release
                0x10006638       0x3c CMakeFiles/hello_world.dir/C_/Program_Files/Raspberry_Pi/Pico_SDK_v1.5.1/pico-sdk/lib/tinyusb/src/tusb.c.obj
                0x10006638                tu_edpt_release
 .text.tu_edpt_validate
                0x10006674       0x78 CMakeFiles/hello_world.dir/C_/Program_Files/Raspberry_Pi/Pico_SDK_v1.5.1/pico-sdk/lib/tinyusb/src/tusb.c.obj
                0x10006674                tu_edpt_validate
 .text.tu_edpt_bind_driver
                0x100066ec       0x26 CMakeFiles/hello_world.dir/C_/Program_Files/Raspberry_Pi/Pico_SDK_v1.5.1/pico-sdk/lib/tinyusb/src/tusb.c.obj
                0x100066ec                tu_edpt_bind_driver
 .text.advance_index
                0x10006712       0x1a CMakeFiles/hello_world.dir/C_/Program_Files/Raspberry_Pi/Pico_SDK_v1.5.1/pico-sdk/lib/tinyusb/src/common/tusb_fifo.c.obj
 .text._tu_fifo_peek
                0x1000672c       0x56 CMakeFiles/hello_world.dir/C_/Program_Files/Raspberry_Pi/Pico_SDK_v1.5.1/pico-sdk/lib/tinyusb/src/common/tusb_fifo.c.obj
 .text._ff_pull_const_addr
                0x10006782       0x4c CMakeFiles/hello_world.dir/C_/Program_Files/Raspberry_Pi/Pico_SDK_v1.5.1/pico-sdk/lib/tinyusb/src/common/tusb_fifo.c.obj
 .text._ff_pull_n
                0x100067ce      0x110 CMakeFiles/hello_world.dir/C_/Program_Files/Raspberry_Pi/Pico_SDK_v1.5.1/pico-sdk/lib/tinyusb/src/common/tusb_fifo.c.obj
 .text._tu_fifo_peek_n
                0x100068de       0x6a CMakeFiles/hello_world.dir/C_/Program_Files/Raspberry_Pi/Pico_SDK_v1.5.1/pico-sdk/lib/tinyusb/src/common/tusb_fifo.c.obj
 .text._tu_fifo_read_n
                0x10006948       0x4e CMakeFiles/hello_world.dir/C_/Program_Files/Raspberry_Pi/Pico_SDK_v1.5.1/pico-sdk/lib/tinyusb/src/common/tusb_fifo.c.obj
 .text._ff_push_const_addr
                0x10006996       0x40 CMakeFiles/hello_world.dir/C_/Program_Files/Raspberry_Pi/Pico_SDK_v1.5.1/pico-sdk/lib/tinyusb/src/common/tusb_fifo.c.obj
 .text._ff_push_n
                0x100069d6      0x10c CMakeFiles/hello_world.dir/C_/Program_Files/Raspberry_Pi/Pico_SDK_v1.5.1/pico-sdk/lib/tinyusb/src/common/tusb_fifo.c.obj
 .text._tu_fifo_write_n
                0x10006ae2       0xf0 CMakeFiles/hello_world.dir/C_/Program_Files/Raspberry_Pi/Pico_SDK_v1.5.1/pico-sdk/lib/tinyusb/src/common/tusb_fifo.c.obj
 .text.tu_fifo_config
                0x10006bd2       0x7c CMakeFiles/hello_world.dir/C_/Program_Files/Raspberry_Pi/Pico_SDK_v1.5.1/pico-sdk/lib/tinyusb/src/common/tusb_fifo.c.obj
                0x10006bd2                tu_fifo_config
 .text.tu_fifo_count
                0x10006c4e       0x2a CMakeFiles/hello_world.dir/C_/Program_Files/Raspberry_Pi/Pico_SDK_v1.5.1/pico-sdk/lib/tinyusb/src/common/tusb_fifo.c.obj
                0x10006c4e                tu_fifo_count
 .text.tu_fifo_empty
                0x10006c78       0x10 CMakeFiles/hello_world.dir/C_/Program_Files/Raspberry_Pi/Pico_SDK_v1.5.1/pico-sdk/lib/tinyusb/src/common/tusb_fifo.c.obj
                0x10006c78                tu_fifo_empty
 .text.tu_fifo_full
                0x10006c88       0x28 CMakeFiles/hello_world.dir/C_/Program_Files/Raspberry_Pi/Pico_SDK_v1.5.1/pico-sdk/lib/tinyusb/src/common/tusb_fifo.c.obj
                0x10006c88                tu_fifo_full
 .text.tu_fifo_remaining
                0x10006cb0       0x2c CMakeFiles/hello_world.dir/C_/Program_Files/Raspberry_Pi/Pico_SDK_v1.5.1/pico-sdk/lib/tinyusb/src/common/tusb_fifo.c.obj
                0x10006cb0                tu_fifo_remaining
 .text.tu_fifo_read
                0x10006cdc       0x42 CMakeFiles/hello_world.dir/C_/Program_Files/Raspberry_Pi/Pico_SDK_v1.5.1/pico-sdk/lib/tinyusb/src/common/tusb_fifo.c.obj
                0x10006cdc                tu_fifo_read
 .text.tu_fifo_read_n
                0x10006d1e        0xa CMakeFiles/hello_world.dir/C_/Program_Files/Raspberry_Pi/Pico_SDK_v1.5.1/pico-sdk/lib/tinyusb/src/common/tusb_fifo.c.obj
                0x10006d1e                tu_fifo_read_n
 .text.tu_fifo_write
                0x10006d28       0x64 CMakeFiles/hello_world.dir/C_/Program_Files/Raspberry_Pi/Pico_SDK_v1.5.1/pico-sdk/lib/tinyusb/src/common/tusb_fifo.c.obj
                0x10006d28                tu_fifo_write
 .text.tu_fifo_write_n
                0x10006d8c        0xa CMakeFiles/hello_world.dir/C_/Program_Files/Raspberry_Pi/Pico_SDK_v1.5.1/pico-sdk/lib/tinyusb/src/common/tusb_fifo.c.obj
                0x10006d8c                tu_fifo_write_n
 .text.tu_fifo_clear
                0x10006d96       0x3e CMakeFiles/hello_world.dir/C_/Program_Files/Raspberry_Pi/Pico_SDK_v1.5.1/pico-sdk/lib/tinyusb/src/common/tusb_fifo.c.obj
                0x10006d96                tu_fifo_clear
 .text.tu_fifo_set_overwritable
                0x10006dd4       0x46 CMakeFiles/hello_world.dir/C_/Program_Files/Raspberry_Pi/Pico_SDK_v1.5.1/pico-sdk/lib/tinyusb/src/common/tusb_fifo.c.obj
                0x10006dd4                tu_fifo_set_overwritable
 *fill*         0x10006e1a        0x2 
 .text._pio_can_add_program_at_offset
                0x10006e1c       0x3c CMakeFiles/hello_world.dir/C_/Program_Files/Raspberry_Pi/Pico_SDK_v1.5.1/pico-sdk/src/rp2_common/hardware_pio/pio.c.obj
 .text._pio_find_offset_for_program
                0x10006e58       0x7c CMakeFiles/hello_world.dir/C_/Program_Files/Raspberry_Pi/Pico_SDK_v1.5.1/pico-sdk/src/rp2_common/hardware_pio/pio.c.obj
 .text._pio_add_program_at_offset
                0x10006ed4       0x78 CMakeFiles/hello_world.dir/C_/Program_Files/Raspberry_Pi/Pico_SDK_v1.5.1/pico-sdk/src/rp2_common/hardware_pio/pio.c.obj
 .text.pio_add_program
                0x10006f4c       0x38 CMakeFiles/hello_world.dir/C_/Program_Files/Raspberry_Pi/Pico_SDK_v1.5.1/pico-sdk/src/rp2_common/hardware_pio/pio.c.obj
                0x10006f4c                pio_add_program
 .text.pio_sm_set_consecutive_pindirs
                0x10006f84       0xa4 CMakeFiles/hello_world.dir/C_/Program_Files/Raspberry_Pi/Pico_SDK_v1.5.1/pico-sdk/src/rp2_common/hardware_pio/pio.c.obj
                0x10006f84                pio_sm_set_consecutive_pindirs
 .text.pio_sm_init
                0x10007028       0xe4 CMakeFiles/hello_world.dir/C_/Program_Files/Raspberry_Pi/Pico_SDK_v1.5.1/pico-sdk/src/rp2_common/hardware_pio/pio.c.obj
                0x10007028                pio_sm_init
 .text          0x1000710c     0x28ec ../zig-out/lib/libzig-pico.a(C:/data/zig_project/pico_sdk4/zig-cache/o/a227e0217875a1d1ec28dc53610486b7/libzig-pico.a.o)
                0x1000710c                zig_main
 .text.startup.__stack_chk_init
                0x100099f8       0x18 c:/progra~1/raspbe~1/picosd~1.1/gcc-ar~1/bin/../lib/gcc/arm-none-eabi/10.3.1/../../../../arm-none-eabi/lib/thumb/v6-m/nofp\libg.a(lib_a-stack_protector.o)
                0x100099f8                __stack_chk_init
 .text.__stack_chk_fail
                0x10009a10       0x40 c:/progra~1/raspbe~1/picosd~1.1/gcc-ar~1/bin/../lib/gcc/arm-none-eabi/10.3.1/../../../../arm-none-eabi/lib/thumb/v6-m/nofp\libg.a(lib_a-stack_protector.o)
                0x10009a10                __stack_chk_fail
 .text.strlen   0x10009a50       0x5c c:/progra~1/raspbe~1/picosd~1.1/gcc-ar~1/bin/../lib/gcc/arm-none-eabi/10.3.1/../../../../arm-none-eabi/lib/thumb/v6-m/nofp\libg.a(lib_a-strlen-stub.o)
                0x10009a50                strlen
 .text.write    0x10009aac       0x18 c:/progra~1/raspbe~1/picosd~1.1/gcc-ar~1/bin/../lib/gcc/arm-none-eabi/10.3.1/../../../../arm-none-eabi/lib/thumb/v6-m/nofp\libg.a(lib_a-syswrite.o)
                0x10009aac                write
 .text._write_r
                0x10009ac4       0x28 c:/progra~1/raspbe~1/picosd~1.1/gcc-ar~1/bin/../lib/gcc/arm-none-eabi/10.3.1/../../../../arm-none-eabi/lib/thumb/v6-m/nofp\libg.a(lib_a-writer.o)
                0x10009ac4                _write_r
 .text.raise    0x10009aec       0x60 c:/progra~1/raspbe~1/picosd~1.1/gcc-ar~1/bin/../lib/gcc/arm-none-eabi/10.3.1/../../../../arm-none-eabi/lib/thumb/v6-m/nofp\libg.a(lib_a-signal.o)
                0x10009aec                raise
 .text._kill_r  0x10009b4c       0x28 c:/progra~1/raspbe~1/picosd~1.1/gcc-ar~1/bin/../lib/gcc/arm-none-eabi/10.3.1/../../../../arm-none-eabi/lib/thumb/v6-m/nofp\libg.a(lib_a-signalr.o)
                0x10009b4c                _kill_r
 .text._getpid_r
                0x10009b74        0x8 c:/progra~1/raspbe~1/picosd~1.1/gcc-ar~1/bin/../lib/gcc/arm-none-eabi/10.3.1/../../../../arm-none-eabi/lib/thumb/v6-m/nofp\libg.a(lib_a-signalr.o)
                0x10009b74                _getpid_r
 *(.fini)
 .fini          0x10009b7c        0x4 c:/progra~1/raspbe~1/picosd~1.1/gcc-ar~1/bin/../lib/gcc/arm-none-eabi/10.3.1/thumb/v6-m/nofp/crti.o
                0x10009b7c                _fini
 .fini.__stub   0x10009b80       0xe0 linker stubs
 *crtbegin.o(.ctors)
 *crtbegin?.o(.ctors)
 *(EXCLUDE_FILE(*crtend.o *crtend?.o) .ctors)
 *(SORT_BY_NAME(.ctors.*))
 *(.ctors)
 *crtbegin.o(.dtors)
 *crtbegin?.o(.dtors)
 *(EXCLUDE_FILE(*crtend.o *crtend?.o) .dtors)
 *(SORT_BY_NAME(.dtors.*))
 *(.dtors)
 *(.eh_frame*)
 .eh_frame      0x10009c60        0x0 c:/progra~1/raspbe~1/picosd~1.1/gcc-ar~1/bin/../lib/gcc/arm-none-eabi/10.3.1/thumb/v6-m/nofp/crtbegin.o
                0x10009c60                . = ALIGN (0x4)

.glue_7         0x10009c60        0x0
 .glue_7        0x10009c60        0x0 linker stubs

.glue_7t        0x10009c60        0x0
 .glue_7t       0x10009c60        0x0 linker stubs

.vfp11_veneer   0x10009c60        0x0
 .vfp11_veneer  0x10009c60        0x0 linker stubs

.v4_bx          0x10009c60        0x0
 .v4_bx         0x10009c60        0x0 linker stubs

.iplt           0x10009c60        0x0
 .iplt          0x10009c60        0x0 c:/progra~1/raspbe~1/picosd~1.1/gcc-ar~1/bin/../lib/gcc/arm-none-eabi/10.3.1/thumb/v6-m/nofp/crtbegin.o

.rodata         0x10009c60     0x1c6c
 *(EXCLUDE_FILE(*libm.a: *libc.a:*lib_a-mem*.o *libgcc.a:) .rodata*)
 .rodata.ws2812_program
                0x10009c60        0x6 CMakeFiles/hello_world.dir/src/ws2812.c.obj
 *fill*         0x10009c66        0x2 
 .rodata.ws2812_program_instructions
                0x10009c68        0x8 CMakeFiles/hello_world.dir/src/ws2812.c.obj
 .rodata.spin_lock_claim_unused.str1.4
                0x10009c70       0x1b CMakeFiles/hello_world.dir/C_/Program_Files/Raspberry_Pi/Pico_SDK_v1.5.1/pico-sdk/src/rp2_common/hardware_sync/sync.c.obj
 *fill*         0x10009c8b        0x1 
 .rodata.make_branch.str1.4
                0x10009c8c       0x89 CMakeFiles/hello_world.dir/C_/Program_Files/Raspberry_Pi/Pico_SDK_v1.5.1/pico-sdk/src/rp2_common/hardware_irq/irq.c.obj
 *fill*         0x10009d15        0x3 
 .rodata.insert_branch_and_link.str1.4
                0x10009d18       0x10 CMakeFiles/hello_world.dir/C_/Program_Files/Raspberry_Pi/Pico_SDK_v1.5.1/pico-sdk/src/rp2_common/hardware_irq/irq.c.obj
 .rodata.irq_set_exclusive_handler.str1.4
                0x10009d28       0x36 CMakeFiles/hello_world.dir/C_/Program_Files/Raspberry_Pi/Pico_SDK_v1.5.1/pico-sdk/src/rp2_common/hardware_irq/irq.c.obj
 *fill*         0x10009d5e        0x2 
 .rodata.irq_add_shared_handler.str1.4
                0x10009d60       0xd9 CMakeFiles/hello_world.dir/C_/Program_Files/Raspberry_Pi/Pico_SDK_v1.5.1/pico-sdk/src/rp2_common/hardware_irq/irq.c.obj
 *fill*         0x10009e39        0x3 
 .rodata.irq_remove_handler.str1.4
                0x10009e3c       0x3a CMakeFiles/hello_world.dir/C_/Program_Files/Raspberry_Pi/Pico_SDK_v1.5.1/pico-sdk/src/rp2_common/hardware_irq/irq.c.obj
 *fill*         0x10009e76        0x2 
 .rodata.irq_add_tail_to_free_list.str1.4
                0x10009e78       0x3a CMakeFiles/hello_world.dir/C_/Program_Files/Raspberry_Pi/Pico_SDK_v1.5.1/pico-sdk/src/rp2_common/hardware_irq/irq.c.obj
 *fill*         0x10009eb2        0x2 
 .rodata.user_irq_claim_unused.str1.4
                0x10009eb4       0x1b CMakeFiles/hello_world.dir/C_/Program_Files/Raspberry_Pi/Pico_SDK_v1.5.1/pico-sdk/src/rp2_common/hardware_irq/irq.c.obj
 *fill*         0x10009ecf        0x1 
 .rodata.__func__.0
                0x10009ed0       0x1a CMakeFiles/hello_world.dir/C_/Program_Files/Raspberry_Pi/Pico_SDK_v1.5.1/pico-sdk/src/rp2_common/hardware_irq/irq.c.obj
 *fill*         0x10009eea        0x2 
 .rodata.__func__.1
                0x10009eec       0x17 CMakeFiles/hello_world.dir/C_/Program_Files/Raspberry_Pi/Pico_SDK_v1.5.1/pico-sdk/src/rp2_common/hardware_irq/irq.c.obj
 *fill*         0x10009f03        0x1 
 .rodata.__func__.2
                0x10009f04       0x13 CMakeFiles/hello_world.dir/C_/Program_Files/Raspberry_Pi/Pico_SDK_v1.5.1/pico-sdk/src/rp2_common/hardware_irq/irq.c.obj
 *fill*         0x10009f17        0x1 
 .rodata.__func__.3
                0x10009f18        0xc CMakeFiles/hello_world.dir/C_/Program_Files/Raspberry_Pi/Pico_SDK_v1.5.1/pico-sdk/src/rp2_common/hardware_irq/irq.c.obj
 .rodata.__func__.4
                0x10009f24        0xf CMakeFiles/hello_world.dir/C_/Program_Files/Raspberry_Pi/Pico_SDK_v1.5.1/pico-sdk/src/rp2_common/hardware_irq/irq.c.obj
 *fill*         0x10009f33        0x1 
 .rodata.__func__.5
                0x10009f34       0x17 CMakeFiles/hello_world.dir/C_/Program_Files/Raspberry_Pi/Pico_SDK_v1.5.1/pico-sdk/src/rp2_common/hardware_irq/irq.c.obj
 *fill*         0x10009f4b        0x1 
 .rodata.__func__.6
                0x10009f4c       0x1a CMakeFiles/hello_world.dir/C_/Program_Files/Raspberry_Pi/Pico_SDK_v1.5.1/pico-sdk/src/rp2_common/hardware_irq/irq.c.obj
 *fill*         0x10009f66        0x2 
 .rodata.str1.4
                0x10009f68      0x125 CMakeFiles/hello_world.dir/C_/Program_Files/Raspberry_Pi/Pico_SDK_v1.5.1/pico-sdk/src/common/pico_sync/mutex.c.obj
 *fill*         0x1000a08d        0x3 
 .rodata.__func__.1
                0x1000a090        0xb CMakeFiles/hello_world.dir/C_/Program_Files/Raspberry_Pi/Pico_SDK_v1.5.1/pico-sdk/src/common/pico_sync/mutex.c.obj
 *fill*         0x1000a09b        0x1 
 .rodata.__func__.3
                0x1000a09c       0x18 CMakeFiles/hello_world.dir/C_/Program_Files/Raspberry_Pi/Pico_SDK_v1.5.1/pico-sdk/src/common/pico_sync/mutex.c.obj
 .rodata.__func__.4
                0x1000a0b4       0x15 CMakeFiles/hello_world.dir/C_/Program_Files/Raspberry_Pi/Pico_SDK_v1.5.1/pico-sdk/src/common/pico_sync/mutex.c.obj
 *fill*         0x1000a0c9        0x3 
 .rodata.repeating_timer_callback.str1.4
                0x1000a0cc       0x67 CMakeFiles/hello_world.dir/C_/Program_Files/Raspberry_Pi/Pico_SDK_v1.5.1/pico-sdk/src/common/pico_time/time.c.obj
 *fill*         0x1000a133        0x1 
 .rodata.timer_pool_entry_comparator.str1.4
                0x1000a134       0x22 CMakeFiles/hello_world.dir/C_/Program_Files/Raspberry_Pi/Pico_SDK_v1.5.1/pico-sdk/src/common/pico_time/time.c.obj
 *fill*         0x1000a156        0x2 
 .rodata.ph_add_child_node.str1.4
                0x1000a158       0xb2 CMakeFiles/hello_world.dir/C_/Program_Files/Raspberry_Pi/Pico_SDK_v1.5.1/pico-sdk/src/common/pico_time/time.c.obj
 *fill*         0x1000a20a        0x2 
 .rodata.add_alarm_under_lock.str1.4
                0x1000a20c       0x28 CMakeFiles/hello_world.dir/C_/Program_Files/Raspberry_Pi/Pico_SDK_v1.5.1/pico-sdk/src/common/pico_time/time.c.obj
                                 0x2b (size before relaxing)
 .rodata.alarm_pool_alarm_callback.str1.4
                0x1000a234       0x98 CMakeFiles/hello_world.dir/C_/Program_Files/Raspberry_Pi/Pico_SDK_v1.5.1/pico-sdk/src/common/pico_time/time.c.obj
                                0x118 (size before relaxing)
 .rodata.alarm_pool_get_default.str1.4
                0x1000a2cc       0x21 CMakeFiles/hello_world.dir/C_/Program_Files/Raspberry_Pi/Pico_SDK_v1.5.1/pico-sdk/src/common/pico_time/time.c.obj
 *fill*         0x1000a2ed        0x3 
 .rodata.alarm_pool_cancel_alarm.str1.4
                0x1000a2f0       0x27 CMakeFiles/hello_world.dir/C_/Program_Files/Raspberry_Pi/Pico_SDK_v1.5.1/pico-sdk/src/common/pico_time/time.c.obj
 *fill*         0x1000a317        0x1 
 .rodata.sleep_until.str1.4
                0x1000a318       0x4d CMakeFiles/hello_world.dir/C_/Program_Files/Raspberry_Pi/Pico_SDK_v1.5.1/pico-sdk/src/common/pico_time/time.c.obj
 *fill*         0x1000a365        0x3 
 .rodata.__func__.1
                0x1000a368       0x18 CMakeFiles/hello_world.dir/C_/Program_Files/Raspberry_Pi/Pico_SDK_v1.5.1/pico-sdk/src/common/pico_time/time.c.obj
 .rodata.__func__.10
                0x1000a380       0x15 CMakeFiles/hello_world.dir/C_/Program_Files/Raspberry_Pi/Pico_SDK_v1.5.1/pico-sdk/src/common/pico_time/time.c.obj
 *fill*         0x1000a395        0x3 
 .rodata.__func__.11
                0x1000a398       0x1a CMakeFiles/hello_world.dir/C_/Program_Files/Raspberry_Pi/Pico_SDK_v1.5.1/pico-sdk/src/common/pico_time/time.c.obj
 *fill*         0x1000a3b2        0x2 
 .rodata.__func__.12
                0x1000a3b4        0xa CMakeFiles/hello_world.dir/C_/Program_Files/Raspberry_Pi/Pico_SDK_v1.5.1/pico-sdk/src/common/pico_time/time.c.obj
 *fill*         0x1000a3be        0x2 
 .rodata.__func__.3
                0x1000a3c0       0x17 CMakeFiles/hello_world.dir/C_/Program_Files/Raspberry_Pi/Pico_SDK_v1.5.1/pico-sdk/src/common/pico_time/time.c.obj
 *fill*         0x1000a3d7        0x1 
 .rodata.__func__.4
                0x1000a3d8       0x12 CMakeFiles/hello_world.dir/C_/Program_Files/Raspberry_Pi/Pico_SDK_v1.5.1/pico-sdk/src/common/pico_time/time.c.obj
 *fill*         0x1000a3ea        0x2 
 .rodata.__func__.5
                0x1000a3ec        0xd CMakeFiles/hello_world.dir/C_/Program_Files/Raspberry_Pi/Pico_SDK_v1.5.1/pico-sdk/src/common/pico_time/time.c.obj
 *fill*         0x1000a3f9        0x3 
 .rodata.__func__.6
                0x1000a3fc       0x12 CMakeFiles/hello_world.dir/C_/Program_Files/Raspberry_Pi/Pico_SDK_v1.5.1/pico-sdk/src/common/pico_time/time.c.obj
 *fill*         0x1000a40e        0x2 
 .rodata.__func__.7
                0x1000a410        0xf CMakeFiles/hello_world.dir/C_/Program_Files/Raspberry_Pi/Pico_SDK_v1.5.1/pico-sdk/src/common/pico_time/time.c.obj
 *fill*         0x1000a41f        0x1 
 .rodata.__func__.8
                0x1000a420        0xc CMakeFiles/hello_world.dir/C_/Program_Files/Raspberry_Pi/Pico_SDK_v1.5.1/pico-sdk/src/common/pico_time/time.c.obj
 .rodata.__func__.9
                0x1000a42c       0x15 CMakeFiles/hello_world.dir/C_/Program_Files/Raspberry_Pi/Pico_SDK_v1.5.1/pico-sdk/src/common/pico_time/time.c.obj
 *fill*         0x1000a441        0x3 
 .rodata.hardware_alarm_claim.str1.4
                0x1000a444       0x22 CMakeFiles/hello_world.dir/C_/Program_Files/Raspberry_Pi/Pico_SDK_v1.5.1/pico-sdk/src/rp2_common/hardware_timer/timer.c.obj
 *fill*         0x1000a466        0x2 
 .rodata.hardware_alarm_set_target.str1.4
                0x1000a468       0x81 CMakeFiles/hello_world.dir/C_/Program_Files/Raspberry_Pi/Pico_SDK_v1.5.1/pico-sdk/src/rp2_common/hardware_timer/timer.c.obj
 *fill*         0x1000a4e9        0x3 
 .rodata.__func__.0
                0x1000a4ec       0x1a CMakeFiles/hello_world.dir/C_/Program_Files/Raspberry_Pi/Pico_SDK_v1.5.1/pico-sdk/src/rp2_common/hardware_timer/timer.c.obj
 .rodata.ph_add_child_node.str1.4
                0x1000a506       0xb2 CMakeFiles/hello_world.dir/C_/Program_Files/Raspberry_Pi/Pico_SDK_v1.5.1/pico-sdk/src/common/pico_util/pheap.c.obj
 *fill*         0x1000a506        0x2 
 .rodata.ph_remove_any_head.str1.4
                0x1000a508       0xa8 CMakeFiles/hello_world.dir/C_/Program_Files/Raspberry_Pi/Pico_SDK_v1.5.1/pico-sdk/src/common/pico_util/pheap.c.obj
                                 0xbc (size before relaxing)
 .rodata.ph_remove_and_free_node.str1.4
                0x1000a5b0       0x1e CMakeFiles/hello_world.dir/C_/Program_Files/Raspberry_Pi/Pico_SDK_v1.5.1/pico-sdk/src/common/pico_util/pheap.c.obj
                                 0x26 (size before relaxing)
 *fill*         0x1000a5ce        0x2 
 .rodata.__func__.0
                0x1000a5d0       0x18 CMakeFiles/hello_world.dir/C_/Program_Files/Raspberry_Pi/Pico_SDK_v1.5.1/pico-sdk/src/common/pico_util/pheap.c.obj
 .rodata.__func__.1
                0x1000a5e8       0x13 CMakeFiles/hello_world.dir/C_/Program_Files/Raspberry_Pi/Pico_SDK_v1.5.1/pico-sdk/src/common/pico_util/pheap.c.obj
 *fill*         0x1000a5fb        0x1 
 .rodata.__func__.2
                0x1000a5fc       0x12 CMakeFiles/hello_world.dir/C_/Program_Files/Raspberry_Pi/Pico_SDK_v1.5.1/pico-sdk/src/common/pico_util/pheap.c.obj
 *fill*         0x1000a60e        0x2 
 .rodata.__func__.3
                0x1000a610        0xc CMakeFiles/hello_world.dir/C_/Program_Files/Raspberry_Pi/Pico_SDK_v1.5.1/pico-sdk/src/common/pico_util/pheap.c.obj
 .rodata.clock_configure.str1.4
                0x1000a61c       0x73 CMakeFiles/hello_world.dir/C_/Program_Files/Raspberry_Pi/Pico_SDK_v1.5.1/pico-sdk/src/rp2_common/hardware_clocks/clocks.c.obj
 *fill*         0x1000a68f        0x1 
 .rodata.__func__.1
                0x1000a690       0x10 CMakeFiles/hello_world.dir/C_/Program_Files/Raspberry_Pi/Pico_SDK_v1.5.1/pico-sdk/src/rp2_common/hardware_clocks/clocks.c.obj
 .rodata.pll_init.str1.4
                0x1000a6a0      0x140 CMakeFiles/hello_world.dir/C_/Program_Files/Raspberry_Pi/Pico_SDK_v1.5.1/pico-sdk/src/rp2_common/hardware_pll/pll.c.obj
 .rodata.__func__.0
                0x1000a7e0        0x9 CMakeFiles/hello_world.dir/C_/Program_Files/Raspberry_Pi/Pico_SDK_v1.5.1/pico-sdk/src/rp2_common/hardware_pll/pll.c.obj
 *fill*         0x1000a7e9        0x3 
 .rodata.__assert_func.str1.4
                0x1000a7ec       0x3f CMakeFiles/hello_world.dir/C_/Program_Files/Raspberry_Pi/Pico_SDK_v1.5.1/pico-sdk/src/rp2_common/pico_runtime/runtime.c.obj
                                 0x43 (size before relaxing)
 *fill*         0x1000a82b        0x1 
 .rodata.runtime_init.str1.4
                0x1000a82c       0x7d CMakeFiles/hello_world.dir/C_/Program_Files/Raspberry_Pi/Pico_SDK_v1.5.1/pico-sdk/src/rp2_common/pico_runtime/runtime.c.obj
 *fill*         0x1000a8a9        0x3 
 .rodata.panic.str1.4
                0x1000a8ac       0x12 CMakeFiles/hello_world.dir/C_/Program_Files/Raspberry_Pi/Pico_SDK_v1.5.1/pico-sdk/src/rp2_common/pico_runtime/runtime.c.obj
 *fill*         0x1000a8be        0x2 
 .rodata.__func__.2
                0x1000a8c0        0xd CMakeFiles/hello_world.dir/C_/Program_Files/Raspberry_Pi/Pico_SDK_v1.5.1/pico-sdk/src/rp2_common/pico_runtime/runtime.c.obj
 *fill*         0x1000a8cd        0x3 
 .rodata._ftoa.str1.4
                0x1000a8d0       0x15 CMakeFiles/hello_world.dir/C_/Program_Files/Raspberry_Pi/Pico_SDK_v1.5.1/pico-sdk/src/rp2_common/pico_printf/printf.c.obj
 *fill*         0x1000a8e5        0x3 
 .rodata._vsnprintf
                0x1000a8e8      0x1e0 CMakeFiles/hello_world.dir/C_/Program_Files/Raspberry_Pi/Pico_SDK_v1.5.1/pico-sdk/src/rp2_common/pico_printf/printf.c.obj
 .rodata.pow10.0
                0x1000aac8       0x50 CMakeFiles/hello_world.dir/C_/Program_Files/Raspberry_Pi/Pico_SDK_v1.5.1/pico-sdk/src/rp2_common/pico_printf/printf.c.obj
 .rodata.__aeabi_double_init.str1.4
                0x1000ab18       0xb8 CMakeFiles/hello_world.dir/C_/Program_Files/Raspberry_Pi/Pico_SDK_v1.5.1/pico-sdk/src/rp2_common/pico_double/double_init_rom.c.obj
 .rodata.__func__.0
                0x1000abd0       0x14 CMakeFiles/hello_world.dir/C_/Program_Files/Raspberry_Pi/Pico_SDK_v1.5.1/pico-sdk/src/rp2_common/pico_double/double_init_rom.c.obj
 .rodata.__aeabi_float_init.str1.4
                0x1000abe4       0x96 CMakeFiles/hello_world.dir/C_/Program_Files/Raspberry_Pi/Pico_SDK_v1.5.1/pico-sdk/src/rp2_common/pico_float/float_init_rom.c.obj
                                 0x9a (size before relaxing)
 *fill*         0x1000ac7a        0x2 
 .rodata.__func__.0
                0x1000ac7c       0x13 CMakeFiles/hello_world.dir/C_/Program_Files/Raspberry_Pi/Pico_SDK_v1.5.1/pico-sdk/src/rp2_common/pico_float/float_init_rom.c.obj
 *fill*         0x1000ac8f        0x1 
 .rodata.str1.4
                0x1000ac90       0x40 CMakeFiles/hello_world.dir/C_/Program_Files/Raspberry_Pi/Pico_SDK_v1.5.1/pico-sdk/src/rp2_common/pico_standard_link/binary_info.c.obj
 .rodata.__bi_44
                0x1000acd0        0xc CMakeFiles/hello_world.dir/C_/Program_Files/Raspberry_Pi/Pico_SDK_v1.5.1/pico-sdk/src/rp2_common/pico_standard_link/binary_info.c.obj
 .rodata.__bi_75
                0x1000acdc        0xc CMakeFiles/hello_world.dir/C_/Program_Files/Raspberry_Pi/Pico_SDK_v1.5.1/pico-sdk/src/rp2_common/pico_standard_link/binary_info.c.obj
 .rodata.__bi_81
                0x1000ace8        0xc CMakeFiles/hello_world.dir/C_/Program_Files/Raspberry_Pi/Pico_SDK_v1.5.1/pico-sdk/src/rp2_common/pico_standard_link/binary_info.c.obj
 .rodata.stdout_serialize_begin.str1.4
                0x1000acf4       0x7d CMakeFiles/hello_world.dir/C_/Program_Files/Raspberry_Pi/Pico_SDK_v1.5.1/pico-sdk/src/rp2_common/pico_stdio/stdio.c.obj
 .rodata.__func__.3
                0x1000acf4       0x15 CMakeFiles/hello_world.dir/C_/Program_Files/Raspberry_Pi/Pico_SDK_v1.5.1/pico-sdk/src/rp2_common/pico_stdio/stdio.c.obj
 *fill*         0x1000ad09        0x3 
 .rodata.crlf_str.2
                0x1000ad0c        0x2 CMakeFiles/hello_world.dir/C_/Program_Files/Raspberry_Pi/Pico_SDK_v1.5.1/pico-sdk/src/rp2_common/pico_stdio/stdio.c.obj
 *fill*         0x1000ad0e        0x2 
 .rodata._resetd_driver
                0x1000ad10       0x18 CMakeFiles/hello_world.dir/C_/Program_Files/Raspberry_Pi/Pico_SDK_v1.5.1/pico-sdk/src/rp2_common/pico_stdio_usb/reset_interface.c.obj
 .rodata.low_priority_worker_irq.str1.4
                0x1000ad28       0x7d CMakeFiles/hello_world.dir/C_/Program_Files/Raspberry_Pi/Pico_SDK_v1.5.1/pico-sdk/src/rp2_common/pico_stdio_usb/stdio_usb.c.obj
 .rodata.stdio_usb_init.str1.4
                0x1000ad28       0x61 CMakeFiles/hello_world.dir/C_/Program_Files/Raspberry_Pi/Pico_SDK_v1.5.1/pico-sdk/src/rp2_common/pico_stdio_usb/stdio_usb.c.obj
                                 0x69 (size before relaxing)
 *fill*         0x1000ad89        0x3 
 .rodata.str1.4
                0x1000ad8c       0x13 CMakeFiles/hello_world.dir/C_/Program_Files/Raspberry_Pi/Pico_SDK_v1.5.1/pico-sdk/src/rp2_common/pico_stdio_usb/stdio_usb.c.obj
 *fill*         0x1000ad9f        0x1 
 .rodata.__bi_182.0
                0x1000ada0        0xc CMakeFiles/hello_world.dir/C_/Program_Files/Raspberry_Pi/Pico_SDK_v1.5.1/pico-sdk/src/rp2_common/pico_stdio_usb/stdio_usb.c.obj
 .rodata.__func__.1
                0x1000adac        0xf CMakeFiles/hello_world.dir/C_/Program_Files/Raspberry_Pi/Pico_SDK_v1.5.1/pico-sdk/src/rp2_common/pico_stdio_usb/stdio_usb.c.obj
 *fill*         0x1000adbb        0x1 
 .rodata.__func__.3
                0x1000adbc       0x15 CMakeFiles/hello_world.dir/C_/Program_Files/Raspberry_Pi/Pico_SDK_v1.5.1/pico-sdk/src/rp2_common/pico_stdio_usb/stdio_usb.c.obj
 *fill*         0x1000add1        0x3 
 .rodata.str1.4
                0x1000add4       0x2a CMakeFiles/hello_world.dir/C_/Program_Files/Raspberry_Pi/Pico_SDK_v1.5.1/pico-sdk/src/rp2_common/pico_stdio_usb/stdio_usb_descriptors.c.obj
 *fill*         0x1000adfe        0x2 
 .rodata.usbd_desc_cfg
                0x1000ae00       0x54 CMakeFiles/hello_world.dir/C_/Program_Files/Raspberry_Pi/Pico_SDK_v1.5.1/pico-sdk/src/rp2_common/pico_stdio_usb/stdio_usb_descriptors.c.obj
 .rodata.usbd_desc_device
                0x1000ae54       0x12 CMakeFiles/hello_world.dir/C_/Program_Files/Raspberry_Pi/Pico_SDK_v1.5.1/pico-sdk/src/rp2_common/pico_stdio_usb/stdio_usb_descriptors.c.obj
 *fill*         0x1000ae66        0x2 
 .rodata.usbd_desc_str
                0x1000ae68       0x18 CMakeFiles/hello_world.dir/C_/Program_Files/Raspberry_Pi/Pico_SDK_v1.5.1/pico-sdk/src/rp2_common/pico_stdio_usb/stdio_usb_descriptors.c.obj
 .rodata.pico_get_unique_board_id_string.str1.4
                0x1000ae80       0x69 CMakeFiles/hello_world.dir/C_/Program_Files/Raspberry_Pi/Pico_SDK_v1.5.1/pico-sdk/src/rp2_common/pico_unique_id/unique_id.c.obj
 *fill*         0x1000aee9        0x3 
 .rodata.__func__.0
                0x1000aeec       0x20 CMakeFiles/hello_world.dir/C_/Program_Files/Raspberry_Pi/Pico_SDK_v1.5.1/pico-sdk/src/rp2_common/pico_unique_id/unique_id.c.obj
 .rodata.str1.4
                0x1000af0c      0x176 CMakeFiles/hello_world.dir/C_/Program_Files/Raspberry_Pi/Pico_SDK_v1.5.1/pico-sdk/src/rp2_common/hardware_flash/flash.c.obj
 *fill*         0x1000b082        0x2 
 .rodata.__func__.0
                0x1000b084        0xd CMakeFiles/hello_world.dir/C_/Program_Files/Raspberry_Pi/Pico_SDK_v1.5.1/pico-sdk/src/rp2_common/hardware_flash/flash.c.obj
 *fill*         0x1000b091        0x3 
 .rodata._hw_endpoint_alloc.str1.4
                0x1000b094       0xd1 CMakeFiles/hello_world.dir/C_/Program_Files/Raspberry_Pi/Pico_SDK_v1.5.1/pico-sdk/lib/tinyusb/src/portable/raspberrypi/rp2040/dcd_rp2040.c.obj
 *fill*         0x1000b165        0x3 
 .rodata.str1.4
                0x1000b168       0x14 CMakeFiles/hello_world.dir/C_/Program_Files/Raspberry_Pi/Pico_SDK_v1.5.1/pico-sdk/lib/tinyusb/src/portable/raspberrypi/rp2040/dcd_rp2040.c.obj
 .rodata.dcd_int_enable.str1.4
                0x1000b17c        0xc CMakeFiles/hello_world.dir/C_/Program_Files/Raspberry_Pi/Pico_SDK_v1.5.1/pico-sdk/lib/tinyusb/src/portable/raspberrypi/rp2040/dcd_rp2040.c.obj
 .rodata.__func__.0
                0x1000b188        0xe CMakeFiles/hello_world.dir/C_/Program_Files/Raspberry_Pi/Pico_SDK_v1.5.1/pico-sdk/lib/tinyusb/src/portable/raspberrypi/rp2040/dcd_rp2040.c.obj
 *fill*         0x1000b196        0x2 
 .rodata.__func__.1
                0x1000b198        0xe CMakeFiles/hello_world.dir/C_/Program_Files/Raspberry_Pi/Pico_SDK_v1.5.1/pico-sdk/lib/tinyusb/src/portable/raspberrypi/rp2040/dcd_rp2040.c.obj
 *fill*         0x1000b1a6        0x2 
 .rodata.__func__.3
                0x1000b1a8       0x10 CMakeFiles/hello_world.dir/C_/Program_Files/Raspberry_Pi/Pico_SDK_v1.5.1/pico-sdk/lib/tinyusb/src/portable/raspberrypi/rp2040/dcd_rp2040.c.obj
 .rodata.__func__.5
                0x1000b1b8        0xf CMakeFiles/hello_world.dir/C_/Program_Files/Raspberry_Pi/Pico_SDK_v1.5.1/pico-sdk/lib/tinyusb/src/portable/raspberrypi/rp2040/dcd_rp2040.c.obj
 *fill*         0x1000b1c7        0x1 
 .rodata.__func__.6
                0x1000b1c8       0x13 CMakeFiles/hello_world.dir/C_/Program_Files/Raspberry_Pi/Pico_SDK_v1.5.1/pico-sdk/lib/tinyusb/src/portable/raspberrypi/rp2040/dcd_rp2040.c.obj
 *fill*         0x1000b1db        0x1 
 .rodata.__func__.7
                0x1000b1dc        0x9 CMakeFiles/hello_world.dir/C_/Program_Files/Raspberry_Pi/Pico_SDK_v1.5.1/pico-sdk/lib/tinyusb/src/portable/raspberrypi/rp2040/dcd_rp2040.c.obj
 *fill*         0x1000b1e5        0x3 
 .rodata.str1.4
                0x1000b1e8      0x103 CMakeFiles/hello_world.dir/C_/Program_Files/Raspberry_Pi/Pico_SDK_v1.5.1/pico-sdk/lib/tinyusb/src/portable/raspberrypi/rp2040/rp2040_usb.c.obj
 *fill*         0x1000b2eb        0x1 
 .rodata.__func__.0
                0x1000b2ec        0xf CMakeFiles/hello_world.dir/C_/Program_Files/Raspberry_Pi/Pico_SDK_v1.5.1/pico-sdk/lib/tinyusb/src/portable/raspberrypi/rp2040/rp2040_usb.c.obj
 *fill*         0x1000b2fb        0x1 
 .rodata.process_get_descriptor
                0x1000b2fc       0x40 CMakeFiles/hello_world.dir/C_/Program_Files/Raspberry_Pi/Pico_SDK_v1.5.1/pico-sdk/lib/tinyusb/src/device/usbd.c.obj
 .rodata.process_control_request
                0x1000b33c       0x28 CMakeFiles/hello_world.dir/C_/Program_Files/Raspberry_Pi/Pico_SDK_v1.5.1/pico-sdk/lib/tinyusb/src/device/usbd.c.obj
 .rodata.tud_task_ext
                0x1000b364       0x24 CMakeFiles/hello_world.dir/C_/Program_Files/Raspberry_Pi/Pico_SDK_v1.5.1/pico-sdk/lib/tinyusb/src/device/usbd.c.obj
 .rodata._usbd_driver
                0x1000b388       0x18 CMakeFiles/hello_world.dir/C_/Program_Files/Raspberry_Pi/Pico_SDK_v1.5.1/pico-sdk/lib/tinyusb/src/device/usbd.c.obj
 .rodata._pio_find_offset_for_program.str1.4
                0x1000b3a0       0x85 CMakeFiles/hello_world.dir/C_/Program_Files/Raspberry_Pi/Pico_SDK_v1.5.1/pico-sdk/src/rp2_common/hardware_pio/pio.c.obj
 *fill*         0x1000b425        0x3 
 .rodata._pio_add_program_at_offset.str1.4
                0x1000b428       0x11 CMakeFiles/hello_world.dir/C_/Program_Files/Raspberry_Pi/Pico_SDK_v1.5.1/pico-sdk/src/rp2_common/hardware_pio/pio.c.obj
 *fill*         0x1000b439        0x3 
 .rodata.__func__.1
                0x1000b43c       0x1d CMakeFiles/hello_world.dir/C_/Program_Files/Raspberry_Pi/Pico_SDK_v1.5.1/pico-sdk/src/rp2_common/hardware_pio/pio.c.obj
 *fill*         0x1000b459        0x7 
 .rodata.cst8   0x1000b460       0x40 ../zig-out/lib/libzig-pico.a(C:/data/zig_project/pico_sdk4/zig-cache/o/a227e0217875a1d1ec28dc53610486b7/libzig-pico.a.o)
                                 0xd8 (size before relaxing)
 .rodata        0x1000b4a0      0x164 ../zig-out/lib/libzig-pico.a(C:/data/zig_project/pico_sdk4/zig-cache/o/a227e0217875a1d1ec28dc53610486b7/libzig-pico.a.o)
 .rodata.str1.1
                0x1000b604      0x269 ../zig-out/lib/libzig-pico.a(C:/data/zig_project/pico_sdk4/zig-cache/o/a227e0217875a1d1ec28dc53610486b7/libzig-pico.a.o)
 *fill*         0x1000b86d        0x3 
 .rodata.cst4   0x1000b870       0x2c ../zig-out/lib/libzig-pico.a(C:/data/zig_project/pico_sdk4/zig-cache/o/a227e0217875a1d1ec28dc53610486b7/libzig-pico.a.o)
                                 0x30 (size before relaxing)
 .rodata.__stack_chk_fail.str1.4
                0x1000b89c       0x2d c:/progra~1/raspbe~1/picosd~1.1/gcc-ar~1/bin/../lib/gcc/arm-none-eabi/10.3.1/../../../../arm-none-eabi/lib/thumb/v6-m/nofp\libg.a(lib_a-stack_protector.o)
                0x1000b8cc                . = ALIGN (0x4)
 *fill*         0x1000b8c9        0x3 
 *(SORT_BY_ALIGNMENT(SORT_BY_NAME(.flashdata*)))
                0x1000b8cc                . = ALIGN (0x4)

.ARM.extab